<html>
<body>
<pre>
<h1>µVision Build Log</h1>
<h2>Tool Versions:</h2>
IDE-Version: µVision V5.24.2.0
Copyright (C) 2017 ARM Ltd and ARM Germany GmbH. All rights reserved.
License Information: G P, abc, LIC=D0DZ9-4YSW2-PB0EG-V5Z48-1NV0G-UDA7H
 
Tool Versions:
Toolchain:       MDK-ARM Plus  Version: 5.24.1
Toolchain Path:  C:\Program Files (x86)\Keil\ARM\ARMCC\Bin
C Compiler:      Armcc.exe V5.06 update 5 (build 528)
Assembler:       Armasm.exe V5.06 update 5 (build 528)
Linker/Locator:  ArmLink.exe V5.06 update 5 (build 528)
Library Manager: ArmAr.exe V5.06 update 5 (build 528)
Hex Converter:   FromElf.exe V5.06 update 5 (build 528)
CPU DLL:         SARMCM3.DLL V5.24.1
Dialog DLL:      DCM.DLL V1.16.0.0
Target DLL:      STLink\ST-LINKIII-KEIL_SWO.dll V3.0.1.0
Dialog DLL:      TCM.DLL V1.32.0.0
 
<h2>Project:</h2>
D:\Git\IMU\IMU_FIRMWARE_REV1\MDK-ARM\IMU_FIRMWARE_REV1.uvprojx
Project File Date:  05/16/2019

<h2>Output:</h2>
*** Using Compiler 'V5.06 update 5 (build 528)', folder: 'C:\Program Files (x86)\Keil\ARM\ARMCC\Bin'
Build target 'IMU_FIRMWARE_REV1'
compiling gpio.c...
compiling main.c...
compiling can.c...
compiling BNO085.c...
compiling stm32f4xx_it.c...
compiling tim.c...
compiling stm32f4xx_hal_msp.c...
compiling i2c.c...
linking...
Program Size: Code=19030 RO-data=906 RW-data=40 ZI-data=5720  
FromELF: creating hex file...
"IMU_FIRMWARE_REV1\IMU_FIRMWARE_REV1.axf" - 0 Error(s), 0 Warning(s).

<h2>Software Packages used:</h2>

Package Vendor: ARM
                http://www.keil.com/pack/ARM.CMSIS.5.0.1.pack
                ARM.CMSIS.5.0.1
                CMSIS (Cortex Microcontroller Software Interface Standard)
   * Component: CORE Version: 5.0.1

Package Vendor: Keil
                http://www.keil.com/pack/Keil.STM32F4xx_DFP.2.13.0.pack
                Keil.STM32F4xx_DFP.2.13.0
                STMicroelectronics STM32F4 Series Device Support, Drivers and Examples

<h2>Collection of Component include folders:</h2>
  .\RTE\_IMU_FIRMWARE_REV1
  C:\Program Files (x86)\Keil\ARM\PACK\ARM\CMSIS\5.0.1\CMSIS\Include
  C:\Program Files (x86)\Keil\ARM\PACK\Keil\STM32F4xx_DFP\2.13.0\Drivers\CMSIS\Device\ST\STM32F4xx\Include

<h2>Collection of Component Files used:</h2>

   * Component: ARM::CMSIS:CORE:5.0.1
Build Time Elapsed:  00:00:24
</pre>
</body>
</html>
