Component: ARM Compiler 5.06 update 5 (build 528) Tool: armlink [4d35e2]

==============================================================================

Section Cross References

    startup_stm32f413xx.o(RESET) refers to startup_stm32f413xx.o(STACK) for __initial_sp
    startup_stm32f413xx.o(RESET) refers to startup_stm32f413xx.o(.text) for Reset_Handler
    startup_stm32f413xx.o(RESET) refers to stm32f4xx_it.o(i.NMI_Handler) for NMI_Handler
    startup_stm32f413xx.o(RESET) refers to stm32f4xx_it.o(i.HardFault_Handler) for HardFault_Handler
    startup_stm32f413xx.o(RESET) refers to stm32f4xx_it.o(i.MemManage_Handler) for MemManage_Handler
    startup_stm32f413xx.o(RESET) refers to stm32f4xx_it.o(i.BusFault_Handler) for BusFault_Handler
    startup_stm32f413xx.o(RESET) refers to stm32f4xx_it.o(i.UsageFault_Handler) for UsageFault_Handler
    startup_stm32f413xx.o(RESET) refers to stm32f4xx_it.o(i.SVC_Handler) for SVC_Handler
    startup_stm32f413xx.o(RESET) refers to stm32f4xx_it.o(i.DebugMon_Handler) for DebugMon_Handler
    startup_stm32f413xx.o(RESET) refers to stm32f4xx_it.o(i.PendSV_Handler) for PendSV_Handler
    startup_stm32f413xx.o(RESET) refers to stm32f4xx_it.o(i.SysTick_Handler) for SysTick_Handler
    startup_stm32f413xx.o(RESET) refers to stm32f4xx_it.o(i.CAN1_TX_IRQHandler) for CAN1_TX_IRQHandler
    startup_stm32f413xx.o(RESET) refers to stm32f4xx_it.o(i.CAN1_RX0_IRQHandler) for CAN1_RX0_IRQHandler
    startup_stm32f413xx.o(RESET) refers to stm32f4xx_it.o(i.CAN1_RX1_IRQHandler) for CAN1_RX1_IRQHandler
    startup_stm32f413xx.o(RESET) refers to stm32f4xx_it.o(i.CAN1_SCE_IRQHandler) for CAN1_SCE_IRQHandler
    startup_stm32f413xx.o(RESET) refers to stm32f4xx_it.o(i.TIM6_DAC_IRQHandler) for TIM6_DAC_IRQHandler
    startup_stm32f413xx.o(.text) refers to system_stm32f4xx.o(i.SystemInit) for SystemInit
    startup_stm32f413xx.o(.text) refers to entry.o(.ARM.Collect$$$$00000000) for __main
    bno085.o(i.BNO085_Command_ClearCounts) refers to stm32f4xx_hal_i2c.o(i.HAL_I2C_Master_Transmit) for HAL_I2C_Master_Transmit
    bno085.o(i.BNO085_Command_ClearResetDCD) refers to stm32f4xx_hal_i2c.o(i.HAL_I2C_Master_Transmit) for HAL_I2C_Master_Transmit
    bno085.o(i.BNO085_Command_ConfigureCalibration) refers to stm32f4xx_hal_i2c.o(i.HAL_I2C_Master_Transmit) for HAL_I2C_Master_Transmit
    bno085.o(i.BNO085_Command_DisableAutoSaveDCD) refers to stm32f4xx_hal_i2c.o(i.HAL_I2C_Master_Transmit) for HAL_I2C_Master_Transmit
    bno085.o(i.BNO085_Command_DisableFullCalibration) refers to bno085.o(i.BNO085_Command_ConfigureCalibration) for BNO085_Command_ConfigureCalibration
    bno085.o(i.BNO085_Command_EnableAutoSaveDCD) refers to stm32f4xx_hal_i2c.o(i.HAL_I2C_Master_Transmit) for HAL_I2C_Master_Transmit
    bno085.o(i.BNO085_Command_EnableFullCalibration) refers to bno085.o(i.BNO085_Command_ConfigureCalibration) for BNO085_Command_ConfigureCalibration
    bno085.o(i.BNO085_Command_GetCalibrationStatus) refers to stm32f4xx_hal_i2c.o(i.HAL_I2C_Master_Transmit) for HAL_I2C_Master_Transmit
    bno085.o(i.BNO085_Command_GetCounts) refers to stm32f4xx_hal_i2c.o(i.HAL_I2C_Master_Transmit) for HAL_I2C_Master_Transmit
    bno085.o(i.BNO085_Command_GetOscType) refers to stm32f4xx_hal_i2c.o(i.HAL_I2C_Master_Transmit) for HAL_I2C_Master_Transmit
    bno085.o(i.BNO085_Command_Initialize) refers to stm32f4xx_hal_i2c.o(i.HAL_I2C_Master_Transmit) for HAL_I2C_Master_Transmit
    bno085.o(i.BNO085_Command_PersistTare) refers to stm32f4xx_hal_i2c.o(i.HAL_I2C_Master_Transmit) for HAL_I2C_Master_Transmit
    bno085.o(i.BNO085_Command_RequestErrorReport) refers to stm32f4xx_hal_i2c.o(i.HAL_I2C_Master_Transmit) for HAL_I2C_Master_Transmit
    bno085.o(i.BNO085_Command_SaveDCD) refers to stm32f4xx_hal_i2c.o(i.HAL_I2C_Master_Transmit) for HAL_I2C_Master_Transmit
    bno085.o(i.BNO085_Command_SetReorientation) refers to bno085.o(i.floatToQ) for floatToQ
    bno085.o(i.BNO085_Command_SetReorientation) refers to stm32f4xx_hal_i2c.o(i.HAL_I2C_Master_Transmit) for HAL_I2C_Master_Transmit
    bno085.o(i.BNO085_Command_TareNow) refers to stm32f4xx_hal_i2c.o(i.HAL_I2C_Master_Transmit) for HAL_I2C_Master_Transmit
    bno085.o(i.BNO085_CreateIMU) refers to memcpya.o(.text) for __aeabi_memcpy4
    bno085.o(i.BNO085_DataAvailable) refers to stm32f4xx_hal_i2c.o(i.HAL_I2C_Master_Receive) for HAL_I2C_Master_Receive
    bno085.o(i.BNO085_EnableAbsoluteRotationVector) refers to bno085.o(i.BNO085_SetFeatureCommand) for BNO085_SetFeatureCommand
    bno085.o(i.BNO085_EnableAccelerometer) refers to bno085.o(i.BNO085_SetFeatureCommand) for BNO085_SetFeatureCommand
    bno085.o(i.BNO085_EnableGeoRotation) refers to bno085.o(i.BNO085_SetFeatureCommand) for BNO085_SetFeatureCommand
    bno085.o(i.BNO085_EnableGravity) refers to bno085.o(i.BNO085_SetFeatureCommand) for BNO085_SetFeatureCommand
    bno085.o(i.BNO085_EnableGyroscope) refers to bno085.o(i.BNO085_SetFeatureCommand) for BNO085_SetFeatureCommand
[...]
    ../mathlib/poly.c                        0x00000000   Number         0  poly.o ABSOLUTE
    ../mathlib/pow.c                         0x00000000   Number         0  pow_x.o ABSOLUTE
    ../mathlib/pow.c                         0x00000000   Number         0  pow.o ABSOLUTE
    ../mathlib/qnan.c                        0x00000000   Number         0  qnan.o ABSOLUTE
    ../mathlib/sqrt.c                        0x00000000   Number         0  sqrt_x.o ABSOLUTE
    ../mathlib/sqrt.c                        0x00000000   Number         0  sqrt.o ABSOLUTE
    ..\Drivers\STM32F4xx_HAL_Driver\Src\stm32f4xx_hal.c 0x00000000   Number         0  stm32f4xx_hal.o ABSOLUTE
    ..\Drivers\STM32F4xx_HAL_Driver\Src\stm32f4xx_hal_can.c 0x00000000   Number         0  stm32f4xx_hal_can.o ABSOLUTE
    ..\Drivers\STM32F4xx_HAL_Driver\Src\stm32f4xx_hal_cortex.c 0x00000000   Number         0  stm32f4xx_hal_cortex.o ABSOLUTE
    ..\Drivers\STM32F4xx_HAL_Driver\Src\stm32f4xx_hal_dma.c 0x00000000   Number         0  stm32f4xx_hal_dma.o ABSOLUTE
    ..\Drivers\STM32F4xx_HAL_Driver\Src\stm32f4xx_hal_dma_ex.c 0x00000000   Number         0  stm32f4xx_hal_dma_ex.o ABSOLUTE
    ..\Drivers\STM32F4xx_HAL_Driver\Src\stm32f4xx_hal_exti.c 0x00000000   Number         0  stm32f4xx_hal_exti.o ABSOLUTE
    ..\Drivers\STM32F4xx_HAL_Driver\Src\stm32f4xx_hal_flash.c 0x00000000   Number         0  stm32f4xx_hal_flash.o ABSOLUTE
    ..\Drivers\STM32F4xx_HAL_Driver\Src\stm32f4xx_hal_flash_ex.c 0x00000000   Number         0  stm32f4xx_hal_flash_ex.o ABSOLUTE
    ..\Drivers\STM32F4xx_HAL_Driver\Src\stm32f4xx_hal_flash_ramfunc.c 0x00000000   Number         0  stm32f4xx_hal_flash_ramfunc.o ABSOLUTE
    ..\Drivers\STM32F4xx_HAL_Driver\Src\stm32f4xx_hal_gpio.c 0x00000000   Number         0  stm32f4xx_hal_gpio.o ABSOLUTE
    ..\Drivers\STM32F4xx_HAL_Driver\Src\stm32f4xx_hal_i2c.c 0x00000000   Number         0  stm32f4xx_hal_i2c.o ABSOLUTE
    ..\Drivers\STM32F4xx_HAL_Driver\Src\stm32f4xx_hal_i2c_ex.c 0x00000000   Number         0  stm32f4xx_hal_i2c_ex.o ABSOLUTE
    ..\Drivers\STM32F4xx_HAL_Driver\Src\stm32f4xx_hal_pwr.c 0x00000000   Number         0  stm32f4xx_hal_pwr.o ABSOLUTE
    ..\Drivers\STM32F4xx_HAL_Driver\Src\stm32f4xx_hal_pwr_ex.c 0x00000000   Number         0  stm32f4xx_hal_pwr_ex.o ABSOLUTE
    ..\Drivers\STM32F4xx_HAL_Driver\Src\stm32f4xx_hal_rcc.c 0x00000000   Number         0  stm32f4xx_hal_rcc.o ABSOLUTE
    ..\Drivers\STM32F4xx_HAL_Driver\Src\stm32f4xx_hal_rcc_ex.c 0x00000000   Number         0  stm32f4xx_hal_rcc_ex.o ABSOLUTE
    ..\Drivers\STM32F4xx_HAL_Driver\Src\stm32f4xx_hal_tim.c 0x00000000   Number         0  stm32f4xx_hal_tim.o ABSOLUTE
    ..\Drivers\STM32F4xx_HAL_Driver\Src\stm32f4xx_hal_tim_ex.c 0x00000000   Number         0  stm32f4xx_hal_tim_ex.o ABSOLUTE
    ..\Src\BNO085.c                          0x00000000   Number         0  bno085.o ABSOLUTE
    ..\Src\can.c                             0x00000000   Number         0  can.o ABSOLUTE
    ..\Src\gpio.c                            0x00000000   Number         0  gpio.o ABSOLUTE
    ..\Src\i2c.c                             0x00000000   Number         0  i2c.o ABSOLUTE
    ..\Src\main.c                            0x00000000   Number         0  main.o ABSOLUTE
    ..\Src\stm32f4xx_hal_msp.c               0x00000000   Number         0  stm32f4xx_hal_msp.o ABSOLUTE
    ..\Src\stm32f4xx_it.c                    0x00000000   Number         0  stm32f4xx_it.o ABSOLUTE
    ..\Src\system_stm32f4xx.c                0x00000000   Number         0  system_stm32f4xx.o ABSOLUTE
    ..\Src\tim.c                             0x00000000   Number         0  tim.o ABSOLUTE
    ..\\Src\\BNO085.c                        0x00000000   Number         0  bno085.o ABSOLUTE
    cdcmple.s                                0x00000000   Number         0  cdcmple.o ABSOLUTE
    cdrcmple.s                               0x00000000   Number         0  cdrcmple.o ABSOLUTE
    dc.s                                     0x00000000   Number         0  dc.o ABSOLUTE
    handlers.s                               0x00000000   Number         0  handlers.o ABSOLUTE
    init.s                                   0x00000000   Number         0  init.o ABSOLUTE
    startup_stm32f413xx.s                    0x00000000   Number         0  startup_stm32f413xx.o ABSOLUTE
    RESET                                    0x08000000   Section      472  startup_stm32f413xx.o(RESET)
    .ARM.Collect$$$$00000000                 0x080001d8   Section        0  entry.o(.ARM.Collect$$$$00000000)
    .ARM.Collect$$$$00000001                 0x080001d8   Section        4  entry2.o(.ARM.Collect$$$$00000001)
    .ARM.Collect$$$$00000004                 0x080001dc   Section        4  entry5.o(.ARM.Collect$$$$00000004)
    .ARM.Collect$$$$00000008                 0x080001e0   Section        0  entry7b.o(.ARM.Collect$$$$00000008)
    .ARM.Collect$$$$0000000A                 0x080001e0   Section        0  entry8b.o(.ARM.Collect$$$$0000000A)
    .ARM.Collect$$$$0000000B                 0x080001e0   Section        8  entry9a.o(.ARM.Collect$$$$0000000B)
    .ARM.Collect$$$$0000000D                 0x080001e8   Section        0  entry10a.o(.ARM.Collect$$$$0000000D)
    .ARM.Collect$$$$0000000F                 0x080001e8   Section        0  entry11a.o(.ARM.Collect$$$$0000000F)
    .ARM.Collect$$$$00002712                 0x080001e8   Section        4  entry2.o(.ARM.Collect$$$$00002712)
    __lit__00000000                          0x080001e8   Data           4  entry2.o(.ARM.Collect$$$$00002712)
    .text                                    0x080001ec   Section       36  startup_stm32f413xx.o(.text)
    $v0                                      0x080001ec   Number         0  startup_stm32f413xx.o(.text)
    .text                                    0x08000210   Section        0  uldiv.o(.text)
    .text                                    0x08000272   Section        0  memcpya.o(.text)
    .text                                    0x08000296   Section        0  memseta.o(.text)
    .text                                    0x080002ba   Section        0  dmul.o(.text)
    .text                                    0x0800039e   Section        0  dflti.o(.text)
    .text                                    0x080003c0   Section        0  dfltui.o(.text)
    .text                                    0x080003da   Section        0  dfixi.o(.text)
    .text                                    0x08000418   Section        0  f2d.o(.text)
    .text                                    0x0800043e   Section        0  d2f.o(.text)
    .text                                    0x08000476   Section        0  llshl.o(.text)
    .text                                    0x08000494   Section        0  llushr.o(.text)
    .text                                    0x080004b4   Section        0  fepilogue.o(.text)
    .text                                    0x080004b4   Section        0  iusefp.o(.text)
    .text                                    0x08000522   Section        0  depilogue.o(.text)
    .text                                    0x080005dc   Section        0  dadd.o(.text)
    .text                                    0x0800072a   Section        0  ddiv.o(.text)
    .text                                    0x08000808   Section        0  dscalb.o(.text)
    .text                                    0x08000838   Section       48  cdrcmple.o(.text)
    .text                                    0x08000868   Section       36  init.o(.text)
    .text                                    0x0800088c   Section        0  llsshr.o(.text)
    .text                                    0x080008b0   Section        0  dsqrt.o(.text)
    i.BNO085_Command_ConfigureCalibration    0x08000952   Section        0  bno085.o(i.BNO085_Command_ConfigureCalibration)
    i.BNO085_Command_DisableFullCalibration  0x080009b4   Section        0  bno085.o(i.BNO085_Command_DisableFullCalibration)
    i.BNO085_Command_EnableFullCalibration   0x080009c4   Section        0  bno085.o(i.BNO085_Command_EnableFullCalibration)
    i.BNO085_Command_GetOscType              0x080009d4   Section        0  bno085.o(i.BNO085_Command_GetOscType)
    i.BNO085_Command_Initialize              0x08000a32   Section        0  bno085.o(i.BNO085_Command_Initialize)
    i.BNO085_Command_PersistTare             0x08000a92   Section        0  bno085.o(i.BNO085_Command_PersistTare)
    i.BNO085_Command_SaveDCD                 0x08000af2   Section        0  bno085.o(i.BNO085_Command_SaveDCD)
    i.BNO085_Command_SetReorientation        0x08000b50   Section        0  bno085.o(i.BNO085_Command_SetReorientation)
    i.BNO085_Command_TareNow                 0x08000c0a   Section        0  bno085.o(i.BNO085_Command_TareNow)
    i.BNO085_CreateIMU                       0x08000c6a   Section        0  bno085.o(i.BNO085_CreateIMU)
    i.BNO085_DataAvailable                   0x08000cec   Section        0  bno085.o(i.BNO085_DataAvailable)
    i.BNO085_EnableAbsoluteRotationVector    0x08000d0c   Section        0  bno085.o(i.BNO085_EnableAbsoluteRotationVector)
    i.BNO085_EnableAccelerometer             0x08000d16   Section        0  bno085.o(i.BNO085_EnableAccelerometer)
    i.BNO085_EnableGeoRotation               0x08000d20   Section        0  bno085.o(i.BNO085_EnableGeoRotation)
    i.BNO085_EnableGravity                   0x08000d2a   Section        0  bno085.o(i.BNO085_EnableGravity)
    i.BNO085_EnableGyroscope                 0x08000d34   Section        0  bno085.o(i.BNO085_EnableGyroscope)
    i.BNO085_EnableLinearAcc                 0x08000d3e   Section        0  bno085.o(i.BNO085_EnableLinearAcc)
    i.BNO085_EnableMagnetometer              0x08000d48   Section        0  bno085.o(i.BNO085_EnableMagnetometer)
    i.BNO085_EnableRawAccelerometer          0x08000d52   Section        0  bno085.o(i.BNO085_EnableRawAccelerometer)
    i.BNO085_EnableRawGyroscope              0x08000d5c   Section        0  bno085.o(i.BNO085_EnableRawGyroscope)
    i.BNO085_EnableRawMagnetometer           0x08000d66   Section        0  bno085.o(i.BNO085_EnableRawMagnetometer)
    i.BNO085_EnableRelativeRotationVector    0x08000d70   Section        0  bno085.o(i.BNO085_EnableRelativeRotationVector)
    i.BNO085_FRS_GetReadResponse             0x08000d7a   Section        0  bno085.o(i.BNO085_FRS_GetReadResponse)
    i.BNO085_FRS_ReadRequest                 0x08000dae   Section        0  bno085.o(i.BNO085_FRS_ReadRequest)
    i.BNO085_FRS_RequestOrientation          0x08000e82   Section        0  bno085.o(i.BNO085_FRS_RequestOrientation)
    i.BNO085_FlushI2C                        0x08000e8e   Section        0  bno085.o(i.BNO085_FlushI2C)
    i.BNO085_GetAbsoluteOrientation          0x08000ea6   Section        0  bno085.o(i.BNO085_GetAbsoluteOrientation)
    i.BNO085_GetAcceleration                 0x08000f50   Section        0  bno085.o(i.BNO085_GetAcceleration)
    i.BNO085_GetAngularRate                  0x08000fac   Section        0  bno085.o(i.BNO085_GetAngularRate)
    i.BNO085_GetCommandResponse              0x08001008   Section        0  bno085.o(i.BNO085_GetCommandResponse)
    i.BNO085_GetGeoOrientation               0x08001022   Section        0  bno085.o(i.BNO085_GetGeoOrientation)
    i.BNO085_GetGravity                      0x080010cc   Section        0  bno085.o(i.BNO085_GetGravity)
    i.BNO085_GetLinearAcceleration           0x08001128   Section        0  bno085.o(i.BNO085_GetLinearAcceleration)
    i.BNO085_GetMagnetometer                 0x08001184   Section        0  bno085.o(i.BNO085_GetMagnetometer)
    i.BNO085_GetProductID                    0x080011e0   Section        0  bno085.o(i.BNO085_GetProductID)
    i.BNO085_GetRawAccelerometer             0x080011f6   Section        0  bno085.o(i.BNO085_GetRawAccelerometer)
    i.BNO085_GetRawGyroscope                 0x08001224   Section        0  bno085.o(i.BNO085_GetRawGyroscope)
    i.BNO085_GetRawMagnetometer              0x08001252   Section        0  bno085.o(i.BNO085_GetRawMagnetometer)
    i.BNO085_GetRelativeOrientation          0x08001280   Section        0  bno085.o(i.BNO085_GetRelativeOrientation)
    i.BNO085_HardReset                       0x08001306   Section        0  bno085.o(i.BNO085_HardReset)
    i.BNO085_IsAlive                         0x08001352   Section        0  bno085.o(i.BNO085_IsAlive)
    i.BNO085_ReceiveData                     0x08001360   Section        0  bno085.o(i.BNO085_ReceiveData)
    i.BNO085_SetFeatureCommand               0x08001382   Section        0  bno085.o(i.BNO085_SetFeatureCommand)
    i.BNO085_SoftReset                       0x08001420   Section        0  bno085.o(i.BNO085_SoftReset)
    i.BNO085_UpdateSensorReading             0x08001488   Section        0  bno085.o(i.BNO085_UpdateSensorReading)
    i.BusFault_Handler                       0x080015ce   Section        0  stm32f4xx_it.o(i.BusFault_Handler)
    i.CAN1_RX0_IRQHandler                    0x080015d0   Section        0  stm32f4xx_it.o(i.CAN1_RX0_IRQHandler)
    i.CAN1_RX1_IRQHandler                    0x080015dc   Section        0  stm32f4xx_it.o(i.CAN1_RX1_IRQHandler)
    i.CAN1_SCE_IRQHandler                    0x080015e8   Section        0  stm32f4xx_it.o(i.CAN1_SCE_IRQHandler)
    i.CAN1_TX_IRQHandler                     0x080015f4   Section        0  stm32f4xx_it.o(i.CAN1_TX_IRQHandler)
    i.CAN_send                               0x08001600   Section        0  can.o(i.CAN_send)
    i.DebugMon_Handler                       0x08001644   Section        0  stm32f4xx_it.o(i.DebugMon_Handler)
    i.Error_Handler                          0x08001646   Section        0  main.o(i.Error_Handler)
    i.HAL_CAN_ActivateNotification           0x08001648   Section        0  stm32f4xx_hal_can.o(i.HAL_CAN_ActivateNotification)
    i.HAL_CAN_AddTxMessage                   0x0800166c   Section        0  stm32f4xx_hal_can.o(i.HAL_CAN_AddTxMessage)
    i.HAL_CAN_ConfigFilter                   0x08001734   Section        0  stm32f4xx_hal_can.o(i.HAL_CAN_ConfigFilter)
    i.HAL_CAN_ErrorCallback                  0x08001854   Section        0  stm32f4xx_hal_can.o(i.HAL_CAN_ErrorCallback)
    i.HAL_CAN_GetRxMessage                   0x08001856   Section        0  stm32f4xx_hal_can.o(i.HAL_CAN_GetRxMessage)
    i.HAL_CAN_IRQHandler                     0x0800193e   Section        0  stm32f4xx_hal_can.o(i.HAL_CAN_IRQHandler)
    i.HAL_CAN_Init                           0x08001b3a   Section        0  stm32f4xx_hal_can.o(i.HAL_CAN_Init)
    i.HAL_CAN_MspInit                        0x08001c54   Section        0  can.o(i.HAL_CAN_MspInit)
    i.HAL_CAN_RxFifo0FullCallback            0x08001d00   Section        0  stm32f4xx_hal_can.o(i.HAL_CAN_RxFifo0FullCallback)
    i.HAL_CAN_RxFifo0MsgPendingCallback      0x08001d04   Section        0  can.o(i.HAL_CAN_RxFifo0MsgPendingCallback)
    i.HAL_CAN_RxFifo1FullCallback            0x08001d18   Section        0  stm32f4xx_hal_can.o(i.HAL_CAN_RxFifo1FullCallback)
    i.HAL_CAN_RxFifo1MsgPendingCallback      0x08001d1a   Section        0  stm32f4xx_hal_can.o(i.HAL_CAN_RxFifo1MsgPendingCallback)
    i.HAL_CAN_SleepCallback                  0x08001d1c   Section        0  stm32f4xx_hal_can.o(i.HAL_CAN_SleepCallback)
    i.HAL_CAN_Start                          0x08001d20   Section        0  stm32f4xx_hal_can.o(i.HAL_CAN_Start)
    i.HAL_CAN_TxMailbox0AbortCallback        0x08001d78   Section        0  stm32f4xx_hal_can.o(i.HAL_CAN_TxMailbox0AbortCallback)
    i.HAL_CAN_TxMailbox0CompleteCallback     0x08001d7a   Section        0  stm32f4xx_hal_can.o(i.HAL_CAN_TxMailbox0CompleteCallback)
    i.HAL_CAN_TxMailbox1AbortCallback        0x08001d7c   Section        0  stm32f4xx_hal_can.o(i.HAL_CAN_TxMailbox1AbortCallback)
    i.HAL_CAN_TxMailbox1CompleteCallback     0x08001d7e   Section        0  stm32f4xx_hal_can.o(i.HAL_CAN_TxMailbox1CompleteCallback)
    i.HAL_CAN_TxMailbox2AbortCallback        0x08001d80   Section        0  stm32f4xx_hal_can.o(i.HAL_CAN_TxMailbox2AbortCallback)
    i.HAL_CAN_TxMailbox2CompleteCallback     0x08001d82   Section        0  stm32f4xx_hal_can.o(i.HAL_CAN_TxMailbox2CompleteCallback)
    i.HAL_CAN_WakeUpFromRxMsgCallback        0x08001d84   Section        0  stm32f4xx_hal_can.o(i.HAL_CAN_WakeUpFromRxMsgCallback)
    i.HAL_Delay                              0x08001d88   Section        0  stm32f4xx_hal.o(i.HAL_Delay)
    i.HAL_GPIO_Init                          0x08001dac   Section        0  stm32f4xx_hal_gpio.o(i.HAL_GPIO_Init)
    i.HAL_GPIO_TogglePin                     0x08001f50   Section        0  stm32f4xx_hal_gpio.o(i.HAL_GPIO_TogglePin)
    i.HAL_GPIO_WritePin                      0x08001f5e   Section        0  stm32f4xx_hal_gpio.o(i.HAL_GPIO_WritePin)
    i.HAL_GetTick                            0x08001f68   Section        0  stm32f4xx_hal.o(i.HAL_GetTick)
    i.HAL_I2C_Init                           0x08001f74   Section        0  stm32f4xx_hal_i2c.o(i.HAL_I2C_Init)
    i.HAL_I2C_IsDeviceReady                  0x080020e8   Section        0  stm32f4xx_hal_i2c.o(i.HAL_I2C_IsDeviceReady)
    i.HAL_I2C_Master_Receive                 0x08002240   Section        0  stm32f4xx_hal_i2c.o(i.HAL_I2C_Master_Receive)
    i.HAL_I2C_Master_Transmit                0x08002420   Section        0  stm32f4xx_hal_i2c.o(i.HAL_I2C_Master_Transmit)
    i.HAL_I2C_MspInit                        0x0800254c   Section        0  i2c.o(i.HAL_I2C_MspInit)
    i.HAL_IncTick                            0x080025b4   Section        0  stm32f4xx_hal.o(i.HAL_IncTick)
    i.HAL_Init                               0x080025c4   Section        0  stm32f4xx_hal.o(i.HAL_Init)
    i.HAL_InitTick                           0x080025f8   Section        0  stm32f4xx_hal.o(i.HAL_InitTick)
    i.HAL_MspInit                            0x08002638   Section        0  stm32f4xx_hal_msp.o(i.HAL_MspInit)
    i.HAL_NVIC_EnableIRQ                     0x08002668   Section        0  stm32f4xx_hal_cortex.o(i.HAL_NVIC_EnableIRQ)
    i.HAL_NVIC_SetPriority                   0x08002684   Section        0  stm32f4xx_hal_cortex.o(i.HAL_NVIC_SetPriority)
    i.HAL_NVIC_SetPriorityGrouping           0x080026c4   Section        0  stm32f4xx_hal_cortex.o(i.HAL_NVIC_SetPriorityGrouping)
    i.HAL_RCC_ClockConfig                    0x080026e8   Section        0  stm32f4xx_hal_rcc.o(i.HAL_RCC_ClockConfig)
    i.HAL_RCC_GetPCLK1Freq                   0x08002818   Section        0  stm32f4xx_hal_rcc.o(i.HAL_RCC_GetPCLK1Freq)
    i.HAL_RCC_GetSysClockFreq                0x08002838   Section        0  stm32f4xx_hal_rcc.o(i.HAL_RCC_GetSysClockFreq)
    i.HAL_RCC_OscConfig                      0x08002898   Section        0  stm32f4xx_hal_rcc_ex.o(i.HAL_RCC_OscConfig)
    i.HAL_SYSTICK_Config                     0x08002bbc   Section        0  stm32f4xx_hal_cortex.o(i.HAL_SYSTICK_Config)
    i.HAL_TIMEx_BreakCallback                0x08002be4   Section        0  stm32f4xx_hal_tim_ex.o(i.HAL_TIMEx_BreakCallback)
    i.HAL_TIMEx_CommutCallback               0x08002be6   Section        0  stm32f4xx_hal_tim_ex.o(i.HAL_TIMEx_CommutCallback)
    i.HAL_TIMEx_MasterConfigSynchronization  0x08002be8   Section        0  stm32f4xx_hal_tim_ex.o(i.HAL_TIMEx_MasterConfigSynchronization)
    i.HAL_TIM_Base_Init                      0x08002c2a   Section        0  stm32f4xx_hal_tim.o(i.HAL_TIM_Base_Init)
    i.HAL_TIM_Base_MspInit                   0x08002c60   Section        0  tim.o(i.HAL_TIM_Base_MspInit)
    i.HAL_TIM_Base_Start_IT                  0x08002c9c   Section        0  stm32f4xx_hal_tim.o(i.HAL_TIM_Base_Start_IT)
    i.HAL_TIM_IC_CaptureCallback             0x08002cbe   Section        0  stm32f4xx_hal_tim.o(i.HAL_TIM_IC_CaptureCallback)
    i.HAL_TIM_IRQHandler                     0x08002cc0   Section        0  stm32f4xx_hal_tim.o(i.HAL_TIM_IRQHandler)
    i.HAL_TIM_OC_DelayElapsedCallback        0x08002e26   Section        0  stm32f4xx_hal_tim.o(i.HAL_TIM_OC_DelayElapsedCallback)
    i.HAL_TIM_PWM_PulseFinishedCallback      0x08002e28   Section        0  stm32f4xx_hal_tim.o(i.HAL_TIM_PWM_PulseFinishedCallback)
    i.HAL_TIM_PeriodElapsedCallback          0x08002e2c   Section        0  main.o(i.HAL_TIM_PeriodElapsedCallback)
    i.HAL_TIM_TriggerCallback                0x08002e44   Section        0  stm32f4xx_hal_tim.o(i.HAL_TIM_TriggerCallback)
    i.HardFault_Handler                      0x08002e46   Section        0  stm32f4xx_it.o(i.HardFault_Handler)
    i.I2C_IsAcknowledgeFailed                0x08002e48   Section        0  stm32f4xx_hal_i2c.o(i.I2C_IsAcknowledgeFailed)
    I2C_IsAcknowledgeFailed                  0x08002e49   Thumb Code    46  stm32f4xx_hal_i2c.o(i.I2C_IsAcknowledgeFailed)
    i.I2C_MasterRequestRead                  0x08002e76   Section        0  stm32f4xx_hal_i2c.o(i.I2C_MasterRequestRead)
    I2C_MasterRequestRead                    0x08002e77   Thumb Code   212  stm32f4xx_hal_i2c.o(i.I2C_MasterRequestRead)
    i.I2C_MasterRequestWrite                 0x08002f4c   Section        0  stm32f4xx_hal_i2c.o(i.I2C_MasterRequestWrite)
    I2C_MasterRequestWrite                   0x08002f4d   Thumb Code   132  stm32f4xx_hal_i2c.o(i.I2C_MasterRequestWrite)
    i.I2C_WaitOnBTFFlagUntilTimeout          0x08002fd4   Section        0  stm32f4xx_hal_i2c.o(i.I2C_WaitOnBTFFlagUntilTimeout)
    I2C_WaitOnBTFFlagUntilTimeout            0x08002fd5   Thumb Code    76  stm32f4xx_hal_i2c.o(i.I2C_WaitOnBTFFlagUntilTimeout)
    i.I2C_WaitOnFlagUntilTimeout             0x08003020   Section        0  stm32f4xx_hal_i2c.o(i.I2C_WaitOnFlagUntilTimeout)
    I2C_WaitOnFlagUntilTimeout               0x08003021   Thumb Code   104  stm32f4xx_hal_i2c.o(i.I2C_WaitOnFlagUntilTimeout)
    i.I2C_WaitOnMasterAddressFlagUntilTimeout 0x08003088   Section        0  stm32f4xx_hal_i2c.o(i.I2C_WaitOnMasterAddressFlagUntilTimeout)
    I2C_WaitOnMasterAddressFlagUntilTimeout  0x08003089   Thumb Code   150  stm32f4xx_hal_i2c.o(i.I2C_WaitOnMasterAddressFlagUntilTimeout)
    i.I2C_WaitOnRXNEFlagUntilTimeout         0x0800311e   Section        0  stm32f4xx_hal_i2c.o(i.I2C_WaitOnRXNEFlagUntilTimeout)
    I2C_WaitOnRXNEFlagUntilTimeout           0x0800311f   Thumb Code   102  stm32f4xx_hal_i2c.o(i.I2C_WaitOnRXNEFlagUntilTimeout)
    i.I2C_WaitOnTXEFlagUntilTimeout          0x08003184   Section        0  stm32f4xx_hal_i2c.o(i.I2C_WaitOnTXEFlagUntilTimeout)
    I2C_WaitOnTXEFlagUntilTimeout            0x08003185   Thumb Code    76  stm32f4xx_hal_i2c.o(i.I2C_WaitOnTXEFlagUntilTimeout)
    i.LED_blink                              0x080031d0   Section        0  main.o(i.LED_blink)
    i.MX_CAN1_Init                           0x0800325c   Section        0  can.o(i.MX_CAN1_Init)
    i.MX_GPIO_Init                           0x0800329c   Section        0  gpio.o(i.MX_GPIO_Init)
    i.MX_I2C1_Init                           0x08003348   Section        0  i2c.o(i.MX_I2C1_Init)
    i.MX_TIM6_Init                           0x08003388   Section        0  tim.o(i.MX_TIM6_Init)
    i.MemManage_Handler                      0x080033cc   Section        0  stm32f4xx_it.o(i.MemManage_Handler)
    i.NMI_Handler                            0x080033ce   Section        0  stm32f4xx_it.o(i.NMI_Handler)
    i.PendSV_Handler                         0x080033d0   Section        0  stm32f4xx_it.o(i.PendSV_Handler)
    i.SVC_Handler                            0x080033d2   Section        0  stm32f4xx_it.o(i.SVC_Handler)
    i.SysTick_Handler                        0x080033d4   Section        0  stm32f4xx_it.o(i.SysTick_Handler)
    i.SystemClock_Config                     0x080033d8   Section        0  main.o(i.SystemClock_Config)
    i.SystemInit                             0x08003458   Section        0  system_stm32f4xx.o(i.SystemInit)
    i.TIM6_DAC_IRQHandler                    0x080034ac   Section        0  stm32f4xx_it.o(i.TIM6_DAC_IRQHandler)
    i.TIM_Base_SetConfig                     0x080034b8   Section        0  stm32f4xx_hal_tim.o(i.TIM_Base_SetConfig)
    i.UsageFault_Handler                     0x08003580   Section        0  stm32f4xx_it.o(i.UsageFault_Handler)
    i.__ARM_fpclassify                       0x08003582   Section        0  fpclassify.o(i.__ARM_fpclassify)
    i.__NVIC_SetPriority                     0x080035b2   Section        0  stm32f4xx_hal_cortex.o(i.__NVIC_SetPriority)
    __NVIC_SetPriority                       0x080035b3   Thumb Code    32  stm32f4xx_hal_cortex.o(i.__NVIC_SetPriority)
    i.__hardfp_asin                          0x080035d8   Section        0  asin.o(i.__hardfp_asin)
    i.__hardfp_atan                          0x08003938   Section        0  atan.o(i.__hardfp_atan)
    i.__hardfp_atan2                         0x08003c10   Section        0  atan2.o(i.__hardfp_atan2)
    i.__hardfp_pow                           0x08003e00   Section        0  pow.o(i.__hardfp_pow)
    i.__kernel_poly                          0x08004a50   Section        0  poly.o(i.__kernel_poly)
    i.__mathlib_dbl_divzero                  0x08004b48   Section        0  dunder.o(i.__mathlib_dbl_divzero)
    i.__mathlib_dbl_infnan                   0x08004b78   Section        0  dunder.o(i.__mathlib_dbl_infnan)
    i.__mathlib_dbl_infnan2                  0x08004b8c   Section        0  dunder.o(i.__mathlib_dbl_infnan2)
    i.__mathlib_dbl_invalid                  0x08004ba0   Section        0  dunder.o(i.__mathlib_dbl_invalid)
    i.__mathlib_dbl_overflow                 0x08004bc0   Section        0  dunder.o(i.__mathlib_dbl_overflow)
    i.__mathlib_dbl_underflow                0x08004be0   Section        0  dunder.o(i.__mathlib_dbl_underflow)
    i.__scatterload_copy                     0x08004c00   Section       14  handlers.o(i.__scatterload_copy)
    i.__scatterload_null                     0x08004c0e   Section        2  handlers.o(i.__scatterload_null)
    i.__scatterload_zeroinit                 0x08004c10   Section       14  handlers.o(i.__scatterload_zeroinit)
    i.__set_errno                            0x08004c20   Section        0  errno.o(i.__set_errno)
    i.atan                                   0x08004c2c   Section        0  atan.o(i.atan)
    i.canFilterConfig                        0x08004c3c   Section        0  can.o(i.canFilterConfig)
    canFilterConfig                          0x08004c3d   Thumb Code    36  can.o(i.canFilterConfig)
    i.canSendIMUPacket                       0x08004c64   Section        0  can.o(i.canSendIMUPacket)
    i.canStart                               0x08004d28   Section        0  can.o(i.canStart)
    i.fabs                                   0x08004d54   Section        0  fabs.o(i.fabs)
    i.floatToQ                               0x08004d6c   Section        0  bno085.o(i.floatToQ)
    i.main                                   0x08004dac   Section        0  main.o(i.main)
    i.qToFloat                               0x08004f98   Section        0  bno085.o(i.qToFloat)
    i.quaternionToEuler                      0x08004fe8   Section        0  bno085.o(i.quaternionToEuler)
    i.radToDeg                               0x080051e0   Section        0  bno085.o(i.radToDeg)
    i.sqrt                                   0x080051fc   Section        0  sqrt.o(i.sqrt)
    .constdata                               0x0800526a   Section       16  system_stm32f4xx.o(.constdata)
    .constdata                               0x0800527a   Section        8  system_stm32f4xx.o(.constdata)
    .constdata                               0x08005288   Section       80  asin.o(.constdata)
    pS                                       0x08005288   Data          48  asin.o(.constdata)
    qS                                       0x080052b8   Data          32  asin.o(.constdata)
    .constdata                               0x080052d8   Section      136  pow.o(.constdata)
    bp                                       0x080052d8   Data          16  pow.o(.constdata)
    dp_h                                     0x080052e8   Data          16  pow.o(.constdata)
    dp_l                                     0x080052f8   Data          16  pow.o(.constdata)
    L                                        0x08005308   Data          48  pow.o(.constdata)
    P                                        0x08005338   Data          40  pow.o(.constdata)
    .constdata                               0x08005360   Section      152  atan.o(.constdata)
    atanhi                                   0x08005360   Data          32  atan.o(.constdata)
    atanlo                                   0x08005380   Data          32  atan.o(.constdata)
    aTodd                                    0x080053a0   Data          40  atan.o(.constdata)
    aTeven                                   0x080053c8   Data          48  atan.o(.constdata)
    .constdata                               0x080053f8   Section        8  qnan.o(.constdata)
    .data                                    0x20000000   Section        2  main.o(.data)
    .data                                    0x20000002   Section       16  can.o(.data)
    .data                                    0x20000014   Section       12  stm32f4xx_hal.o(.data)
    .data                                    0x20000020   Section        4  system_stm32f4xx.o(.data)
    .data                                    0x20000024   Section        4  errno.o(.data)
    _errno                                   0x20000024   Data           4  errno.o(.data)
    .bss                                     0x20000028   Section     1180  main.o(.bss)
    .bss                                     0x200004c4   Section      132  can.o(.bss)
    .bss                                     0x20000548   Section       84  i2c.o(.bss)
    .bss                                     0x2000059c   Section       64  tim.o(.bss)
    STACK                                    0x200005e0   Section     5120  startup_stm32f413xx.o(STACK)

    Global Symbols

    Symbol Name                              Value     Ov Type        Size  Object(Section)

    BuildAttributes$$THM_ISAv4$E$P$D$K$B$S$7EM$VFPi3$EXTD16$VFPS$VFMA$PE$A:L22UL41UL21$X:L11$S22US41US21$IEEE1$IW$USESV6$~STKCKD$USESV7$~SHL$OTIME$ROPI$IEEEX$EBA8$MICROLIB$REQ8$PRES8$EABIv2 0x00000000   Number         0  anon$$obj.o ABSOLUTE
    __ARM_use_no_argv                        0x00000000   Number         0  main.o ABSOLUTE
    __cpp_initialize__aeabi_                  - Undefined Weak Reference
    __cxa_finalize                            - Undefined Weak Reference
    __decompress                              - Undefined Weak Reference
    _clock_init                               - Undefined Weak Reference
    _microlib_exit                            - Undefined Weak Reference
    __Vectors_Size                           0x000001d8   Number         0  startup_stm32f413xx.o ABSOLUTE
    __Vectors                                0x08000000   Data           4  startup_stm32f413xx.o(RESET)
    __Vectors_End                            0x080001d8   Data           0  startup_stm32f413xx.o(RESET)
    __main                                   0x080001d9   Thumb Code     0  entry.o(.ARM.Collect$$$$00000000)
    _main_stk                                0x080001d9   Thumb Code     0  entry2.o(.ARM.Collect$$$$00000001)
    _main_scatterload                        0x080001dd   Thumb Code     0  entry5.o(.ARM.Collect$$$$00000004)
    __main_after_scatterload                 0x080001e1   Thumb Code     0  entry5.o(.ARM.Collect$$$$00000004)
    _main_clock                              0x080001e1   Thumb Code     0  entry7b.o(.ARM.Collect$$$$00000008)
    _main_cpp_init                           0x080001e1   Thumb Code     0  entry8b.o(.ARM.Collect$$$$0000000A)
    _main_init                               0x080001e1   Thumb Code     0  entry9a.o(.ARM.Collect$$$$0000000B)
    __rt_final_cpp                           0x080001e9   Thumb Code     0  entry10a.o(.ARM.Collect$$$$0000000D)
    __rt_final_exit                          0x080001e9   Thumb Code     0  entry11a.o(.ARM.Collect$$$$0000000F)
    Reset_Handler                            0x080001ed   Thumb Code     8  startup_stm32f413xx.o(.text)
    ADC_IRQHandler                           0x08000207   Thumb Code     0  startup_stm32f413xx.o(.text)
    CAN2_RX0_IRQHandler                      0x08000207   Thumb Code     0  startup_stm32f413xx.o(.text)
    CAN2_RX1_IRQHandler                      0x08000207   Thumb Code     0  startup_stm32f413xx.o(.text)
    CAN2_SCE_IRQHandler                      0x08000207   Thumb Code     0  startup_stm32f413xx.o(.text)
    CAN2_TX_IRQHandler                       0x08000207   Thumb Code     0  startup_stm32f413xx.o(.text)
    CAN3_RX0_IRQHandler                      0x08000207   Thumb Code     0  startup_stm32f413xx.o(.text)
    CAN3_RX1_IRQHandler                      0x08000207   Thumb Code     0  startup_stm32f413xx.o(.text)
    CAN3_SCE_IRQHandler                      0x08000207   Thumb Code     0  startup_stm32f413xx.o(.text)
    CAN3_TX_IRQHandler                       0x08000207   Thumb Code     0  startup_stm32f413xx.o(.text)
    DFSDM1_FLT0_IRQHandler                   0x08000207   Thumb Code     0  startup_stm32f413xx.o(.text)
    DFSDM1_FLT1_IRQHandler                   0x08000207   Thumb Code     0  startup_stm32f413xx.o(.text)
    DFSDM2_FLT0_IRQHandler                   0x08000207   Thumb Code     0  startup_stm32f413xx.o(.text)
    DFSDM2_FLT1_IRQHandler                   0x08000207   Thumb Code     0  startup_stm32f413xx.o(.text)
    DFSDM2_FLT2_IRQHandler                   0x08000207   Thumb Code     0  startup_stm32f413xx.o(.text)
    DFSDM2_FLT3_IRQHandler                   0x08000207   Thumb Code     0  startup_stm32f413xx.o(.text)
    DMA1_Stream0_IRQHandler                  0x08000207   Thumb Code     0  startup_stm32f413xx.o(.text)
    DMA1_Stream1_IRQHandler                  0x08000207   Thumb Code     0  startup_stm32f413xx.o(.text)
    DMA1_Stream2_IRQHandler                  0x08000207   Thumb Code     0  startup_stm32f413xx.o(.text)
    DMA1_Stream3_IRQHandler                  0x08000207   Thumb Code     0  startup_stm32f413xx.o(.text)
    DMA1_Stream4_IRQHandler                  0x08000207   Thumb Code     0  startup_stm32f413xx.o(.text)
    DMA1_Stream5_IRQHandler                  0x08000207   Thumb Code     0  startup_stm32f413xx.o(.text)
    DMA1_Stream6_IRQHandler                  0x08000207   Thumb Code     0  startup_stm32f413xx.o(.text)
    DMA1_Stream7_IRQHandler                  0x08000207   Thumb Code     0  startup_stm32f413xx.o(.text)
    DMA2_Stream0_IRQHandler                  0x08000207   Thumb Code     0  startup_stm32f413xx.o(.text)
    DMA2_Stream1_IRQHandler                  0x08000207   Thumb Code     0  startup_stm32f413xx.o(.text)
    DMA2_Stream2_IRQHandler                  0x08000207   Thumb Code     0  startup_stm32f413xx.o(.text)
    DMA2_Stream3_IRQHandler                  0x08000207   Thumb Code     0  startup_stm32f413xx.o(.text)
    DMA2_Stream4_IRQHandler                  0x08000207   Thumb Code     0  startup_stm32f413xx.o(.text)
    DMA2_Stream5_IRQHandler                  0x08000207   Thumb Code     0  startup_stm32f413xx.o(.text)
    DMA2_Stream6_IRQHandler                  0x08000207   Thumb Code     0  startup_stm32f413xx.o(.text)
    DMA2_Stream7_IRQHandler                  0x08000207   Thumb Code     0  startup_stm32f413xx.o(.text)
    EXTI0_IRQHandler                         0x08000207   Thumb Code     0  startup_stm32f413xx.o(.text)
    EXTI15_10_IRQHandler                     0x08000207   Thumb Code     0  startup_stm32f413xx.o(.text)
    EXTI1_IRQHandler                         0x08000207   Thumb Code     0  startup_stm32f413xx.o(.text)
    EXTI2_IRQHandler                         0x08000207   Thumb Code     0  startup_stm32f413xx.o(.text)
    EXTI3_IRQHandler                         0x08000207   Thumb Code     0  startup_stm32f413xx.o(.text)
    EXTI4_IRQHandler                         0x08000207   Thumb Code     0  startup_stm32f413xx.o(.text)
    EXTI9_5_IRQHandler                       0x08000207   Thumb Code     0  startup_stm32f413xx.o(.text)
    FLASH_IRQHandler                         0x08000207   Thumb Code     0  startup_stm32f413xx.o(.text)
    FMPI2C1_ER_IRQHandler                    0x08000207   Thumb Code     0  startup_stm32f413xx.o(.text)
    FMPI2C1_EV_IRQHandler                    0x08000207   Thumb Code     0  startup_stm32f413xx.o(.text)
    FPU_IRQHandler                           0x08000207   Thumb Code     0  startup_stm32f413xx.o(.text)
    FSMC_IRQHandler                          0x08000207   Thumb Code     0  startup_stm32f413xx.o(.text)
    I2C1_ER_IRQHandler                       0x08000207   Thumb Code     0  startup_stm32f413xx.o(.text)
    I2C1_EV_IRQHandler                       0x08000207   Thumb Code     0  startup_stm32f413xx.o(.text)
    I2C2_ER_IRQHandler                       0x08000207   Thumb Code     0  startup_stm32f413xx.o(.text)
    I2C2_EV_IRQHandler                       0x08000207   Thumb Code     0  startup_stm32f413xx.o(.text)
    I2C3_ER_IRQHandler                       0x08000207   Thumb Code     0  startup_stm32f413xx.o(.text)
    I2C3_EV_IRQHandler                       0x08000207   Thumb Code     0  startup_stm32f413xx.o(.text)
    LPTIM1_IRQHandler                        0x08000207   Thumb Code     0  startup_stm32f413xx.o(.text)
    OTG_FS_IRQHandler                        0x08000207   Thumb Code     0  startup_stm32f413xx.o(.text)
    OTG_FS_WKUP_IRQHandler                   0x08000207   Thumb Code     0  startup_stm32f413xx.o(.text)
    PVD_IRQHandler                           0x08000207   Thumb Code     0  startup_stm32f413xx.o(.text)
    QUADSPI_IRQHandler                       0x08000207   Thumb Code     0  startup_stm32f413xx.o(.text)
    RCC_IRQHandler                           0x08000207   Thumb Code     0  startup_stm32f413xx.o(.text)
    RNG_IRQHandler                           0x08000207   Thumb Code     0  startup_stm32f413xx.o(.text)
    RTC_Alarm_IRQHandler                     0x08000207   Thumb Code     0  startup_stm32f413xx.o(.text)
    RTC_WKUP_IRQHandler                      0x08000207   Thumb Code     0  startup_stm32f413xx.o(.text)
    SAI1_IRQHandler                          0x08000207   Thumb Code     0  startup_stm32f413xx.o(.text)
    SDIO_IRQHandler                          0x08000207   Thumb Code     0  startup_stm32f413xx.o(.text)
    SPI1_IRQHandler                          0x08000207   Thumb Code     0  startup_stm32f413xx.o(.text)
    SPI2_IRQHandler                          0x08000207   Thumb Code     0  startup_stm32f413xx.o(.text)
    SPI3_IRQHandler                          0x08000207   Thumb Code     0  startup_stm32f413xx.o(.text)
    SPI4_IRQHandler                          0x08000207   Thumb Code     0  startup_stm32f413xx.o(.text)
    SPI5_IRQHandler                          0x08000207   Thumb Code     0  startup_stm32f413xx.o(.text)
    TAMP_STAMP_IRQHandler                    0x08000207   Thumb Code     0  startup_stm32f413xx.o(.text)
    TIM1_BRK_TIM9_IRQHandler                 0x08000207   Thumb Code     0  startup_stm32f413xx.o(.text)
    TIM1_CC_IRQHandler                       0x08000207   Thumb Code     0  startup_stm32f413xx.o(.text)
    TIM1_TRG_COM_TIM11_IRQHandler            0x08000207   Thumb Code     0  startup_stm32f413xx.o(.text)
    TIM1_UP_TIM10_IRQHandler                 0x08000207   Thumb Code     0  startup_stm32f413xx.o(.text)
    TIM2_IRQHandler                          0x08000207   Thumb Code     0  startup_stm32f413xx.o(.text)
    TIM3_IRQHandler                          0x08000207   Thumb Code     0  startup_stm32f413xx.o(.text)
    TIM4_IRQHandler                          0x08000207   Thumb Code     0  startup_stm32f413xx.o(.text)
    TIM5_IRQHandler                          0x08000207   Thumb Code     0  startup_stm32f413xx.o(.text)
    TIM7_IRQHandler                          0x08000207   Thumb Code     0  startup_stm32f413xx.o(.text)
    TIM8_BRK_TIM12_IRQHandler                0x08000207   Thumb Code     0  startup_stm32f413xx.o(.text)
    TIM8_CC_IRQHandler                       0x08000207   Thumb Code     0  startup_stm32f413xx.o(.text)
    TIM8_TRG_COM_TIM14_IRQHandler            0x08000207   Thumb Code     0  startup_stm32f413xx.o(.text)
    TIM8_UP_TIM13_IRQHandler                 0x08000207   Thumb Code     0  startup_stm32f413xx.o(.text)
    UART10_IRQHandler                        0x08000207   Thumb Code     0  startup_stm32f413xx.o(.text)
    UART4_IRQHandler                         0x08000207   Thumb Code     0  startup_stm32f413xx.o(.text)
    UART5_IRQHandler                         0x08000207   Thumb Code     0  startup_stm32f413xx.o(.text)
    UART7_IRQHandler                         0x08000207   Thumb Code     0  startup_stm32f413xx.o(.text)
    UART8_IRQHandler                         0x08000207   Thumb Code     0  startup_stm32f413xx.o(.text)
    UART9_IRQHandler                         0x08000207   Thumb Code     0  startup_stm32f413xx.o(.text)
    USART1_IRQHandler                        0x08000207   Thumb Code     0  startup_stm32f413xx.o(.text)
    USART2_IRQHandler                        0x08000207   Thumb Code     0  startup_stm32f413xx.o(.text)
    USART3_IRQHandler                        0x08000207   Thumb Code     0  startup_stm32f413xx.o(.text)
    USART6_IRQHandler                        0x08000207   Thumb Code     0  startup_stm32f413xx.o(.text)
    WWDG_IRQHandler                          0x08000207   Thumb Code     0  startup_stm32f413xx.o(.text)
    __aeabi_uldivmod                         0x08000211   Thumb Code    98  uldiv.o(.text)
    __aeabi_memcpy                           0x08000273   Thumb Code    36  memcpya.o(.text)
    __aeabi_memcpy4                          0x08000273   Thumb Code     0  memcpya.o(.text)
    __aeabi_memcpy8                          0x08000273   Thumb Code     0  memcpya.o(.text)
    __aeabi_memset                           0x08000297   Thumb Code    14  memseta.o(.text)
    __aeabi_memset4                          0x08000297   Thumb Code     0  memseta.o(.text)
    __aeabi_memset8                          0x08000297   Thumb Code     0  memseta.o(.text)
    __aeabi_memclr                           0x080002a5   Thumb Code     4  memseta.o(.text)
    __aeabi_memclr4                          0x080002a5   Thumb Code     0  memseta.o(.text)
    __aeabi_memclr8                          0x080002a5   Thumb Code     0  memseta.o(.text)
    _memset$wrapper                          0x080002a9   Thumb Code    18  memseta.o(.text)
    __aeabi_dmul                             0x080002bb   Thumb Code   228  dmul.o(.text)
    __aeabi_i2d                              0x0800039f   Thumb Code    34  dflti.o(.text)
    __aeabi_ui2d                             0x080003c1   Thumb Code    26  dfltui.o(.text)
    __aeabi_d2iz                             0x080003db   Thumb Code    62  dfixi.o(.text)
    __aeabi_f2d                              0x08000419   Thumb Code    38  f2d.o(.text)
    __aeabi_d2f                              0x0800043f   Thumb Code    56  d2f.o(.text)
    __aeabi_llsl                             0x08000477   Thumb Code    30  llshl.o(.text)
    _ll_shift_l                              0x08000477   Thumb Code     0  llshl.o(.text)
    __aeabi_llsr                             0x08000495   Thumb Code    32  llushr.o(.text)
    _ll_ushift_r                             0x08000495   Thumb Code     0  llushr.o(.text)
    __I$use$fp                               0x080004b5   Thumb Code     0  iusefp.o(.text)
    _float_round                             0x080004b5   Thumb Code    18  fepilogue.o(.text)
    _float_epilogue                          0x080004c7   Thumb Code    92  fepilogue.o(.text)
    _double_round                            0x08000523   Thumb Code    30  depilogue.o(.text)
    _double_epilogue                         0x08000541   Thumb Code   156  depilogue.o(.text)
    __aeabi_dadd                             0x080005dd   Thumb Code   322  dadd.o(.text)
    __aeabi_dsub                             0x0800071f   Thumb Code     6  dadd.o(.text)
    __aeabi_drsub                            0x08000725   Thumb Code     6  dadd.o(.text)
    __aeabi_ddiv                             0x0800072b   Thumb Code   222  ddiv.o(.text)
    __ARM_scalbn                             0x08000809   Thumb Code    46  dscalb.o(.text)
    scalbn                                   0x08000809   Thumb Code     0  dscalb.o(.text)
    __aeabi_cdrcmple                         0x08000839   Thumb Code    48  cdrcmple.o(.text)
    __scatterload                            0x08000869   Thumb Code    28  init.o(.text)
    __scatterload_rt2                        0x08000869   Thumb Code     0  init.o(.text)
    __aeabi_lasr                             0x0800088d   Thumb Code    36  llsshr.o(.text)
    _ll_sshift_r                             0x0800088d   Thumb Code     0  llsshr.o(.text)
    _dsqrt                                   0x080008b1   Thumb Code   162  dsqrt.o(.text)
    BNO085_Command_ConfigureCalibration      0x08000953   Thumb Code    98  bno085.o(i.BNO085_Command_ConfigureCalibration)
    BNO085_Command_DisableFullCalibration    0x080009b5   Thumb Code    16  bno085.o(i.BNO085_Command_DisableFullCalibration)
    BNO085_Command_EnableFullCalibration     0x080009c5   Thumb Code    16  bno085.o(i.BNO085_Command_EnableFullCalibration)
    BNO085_Command_GetOscType                0x080009d5   Thumb Code    94  bno085.o(i.BNO085_Command_GetOscType)
    BNO085_Command_Initialize                0x08000a33   Thumb Code    96  bno085.o(i.BNO085_Command_Initialize)
    BNO085_Command_PersistTare               0x08000a93   Thumb Code    96  bno085.o(i.BNO085_Command_PersistTare)
    BNO085_Command_SaveDCD                   0x08000af3   Thumb Code    94  bno085.o(i.BNO085_Command_SaveDCD)
    BNO085_Command_SetReorientation          0x08000b51   Thumb Code   186  bno085.o(i.BNO085_Command_SetReorientation)
    BNO085_Command_TareNow                   0x08000c0b   Thumb Code    96  bno085.o(i.BNO085_Command_TareNow)
    BNO085_CreateIMU                         0x08000c6b   Thumb Code   130  bno085.o(i.BNO085_CreateIMU)
    BNO085_DataAvailable                     0x08000ced   Thumb Code    32  bno085.o(i.BNO085_DataAvailable)
    BNO085_EnableAbsoluteRotationVector      0x08000d0d   Thumb Code    10  bno085.o(i.BNO085_EnableAbsoluteRotationVector)
    BNO085_EnableAccelerometer               0x08000d17   Thumb Code    10  bno085.o(i.BNO085_EnableAccelerometer)
    BNO085_EnableGeoRotation                 0x08000d21   Thumb Code    10  bno085.o(i.BNO085_EnableGeoRotation)
    BNO085_EnableGravity                     0x08000d2b   Thumb Code    10  bno085.o(i.BNO085_EnableGravity)
    BNO085_EnableGyroscope                   0x08000d35   Thumb Code    10  bno085.o(i.BNO085_EnableGyroscope)
    BNO085_EnableLinearAcc                   0x08000d3f   Thumb Code    10  bno085.o(i.BNO085_EnableLinearAcc)
    BNO085_EnableMagnetometer                0x08000d49   Thumb Code    10  bno085.o(i.BNO085_EnableMagnetometer)
    BNO085_EnableRawAccelerometer            0x08000d53   Thumb Code    10  bno085.o(i.BNO085_EnableRawAccelerometer)
    BNO085_EnableRawGyroscope                0x08000d5d   Thumb Code    10  bno085.o(i.BNO085_EnableRawGyroscope)
    BNO085_EnableRawMagnetometer             0x08000d67   Thumb Code    10  bno085.o(i.BNO085_EnableRawMagnetometer)
    BNO085_EnableRelativeRotationVector      0x08000d71   Thumb Code    10  bno085.o(i.BNO085_EnableRelativeRotationVector)
    BNO085_FRS_GetReadResponse               0x08000d7b   Thumb Code    52  bno085.o(i.BNO085_FRS_GetReadResponse)
    BNO085_FRS_ReadRequest                   0x08000daf   Thumb Code   212  bno085.o(i.BNO085_FRS_ReadRequest)
    BNO085_FRS_RequestOrientation            0x08000e83   Thumb Code    12  bno085.o(i.BNO085_FRS_RequestOrientation)
    BNO085_FlushI2C                          0x08000e8f   Thumb Code    24  bno085.o(i.BNO085_FlushI2C)
    BNO085_GetAbsoluteOrientation            0x08000ea7   Thumb Code   170  bno085.o(i.BNO085_GetAbsoluteOrientation)
    BNO085_GetAcceleration                   0x08000f51   Thumb Code    92  bno085.o(i.BNO085_GetAcceleration)
    BNO085_GetAngularRate                    0x08000fad   Thumb Code    92  bno085.o(i.BNO085_GetAngularRate)
    BNO085_GetCommandResponse                0x08001009   Thumb Code    26  bno085.o(i.BNO085_GetCommandResponse)
    BNO085_GetGeoOrientation                 0x08001023   Thumb Code   170  bno085.o(i.BNO085_GetGeoOrientation)
    BNO085_GetGravity                        0x080010cd   Thumb Code    92  bno085.o(i.BNO085_GetGravity)
    BNO085_GetLinearAcceleration             0x08001129   Thumb Code    92  bno085.o(i.BNO085_GetLinearAcceleration)
    BNO085_GetMagnetometer                   0x08001185   Thumb Code    92  bno085.o(i.BNO085_GetMagnetometer)
    BNO085_GetProductID                      0x080011e1   Thumb Code    22  bno085.o(i.BNO085_GetProductID)
    BNO085_GetRawAccelerometer               0x080011f7   Thumb Code    46  bno085.o(i.BNO085_GetRawAccelerometer)
    BNO085_GetRawGyroscope                   0x08001225   Thumb Code    46  bno085.o(i.BNO085_GetRawGyroscope)
    BNO085_GetRawMagnetometer                0x08001253   Thumb Code    46  bno085.o(i.BNO085_GetRawMagnetometer)
    BNO085_GetRelativeOrientation            0x08001281   Thumb Code   134  bno085.o(i.BNO085_GetRelativeOrientation)
    BNO085_HardReset                         0x08001307   Thumb Code    76  bno085.o(i.BNO085_HardReset)
    BNO085_IsAlive                           0x08001353   Thumb Code    14  bno085.o(i.BNO085_IsAlive)
    BNO085_ReceiveData                       0x08001361   Thumb Code    34  bno085.o(i.BNO085_ReceiveData)
    BNO085_SetFeatureCommand                 0x08001383   Thumb Code   158  bno085.o(i.BNO085_SetFeatureCommand)
    BNO085_SoftReset                         0x08001421   Thumb Code   102  bno085.o(i.BNO085_SoftReset)
    BNO085_UpdateSensorReading               0x08001489   Thumb Code   326  bno085.o(i.BNO085_UpdateSensorReading)
    BusFault_Handler                         0x080015cf   Thumb Code     2  stm32f4xx_it.o(i.BusFault_Handler)
    CAN1_RX0_IRQHandler                      0x080015d1   Thumb Code     6  stm32f4xx_it.o(i.CAN1_RX0_IRQHandler)
    CAN1_RX1_IRQHandler                      0x080015dd   Thumb Code     6  stm32f4xx_it.o(i.CAN1_RX1_IRQHandler)
    CAN1_SCE_IRQHandler                      0x080015e9   Thumb Code     6  stm32f4xx_it.o(i.CAN1_SCE_IRQHandler)
    CAN1_TX_IRQHandler                       0x080015f5   Thumb Code     6  stm32f4xx_it.o(i.CAN1_TX_IRQHandler)
    CAN_send                                 0x08001601   Thumb Code    60  can.o(i.CAN_send)
    DebugMon_Handler                         0x08001645   Thumb Code     2  stm32f4xx_it.o(i.DebugMon_Handler)
    Error_Handler                            0x08001647   Thumb Code     2  main.o(i.Error_Handler)
    HAL_CAN_ActivateNotification             0x08001649   Thumb Code    36  stm32f4xx_hal_can.o(i.HAL_CAN_ActivateNotification)
    HAL_CAN_AddTxMessage                     0x0800166d   Thumb Code   200  stm32f4xx_hal_can.o(i.HAL_CAN_AddTxMessage)
    HAL_CAN_ConfigFilter                     0x08001735   Thumb Code   278  stm32f4xx_hal_can.o(i.HAL_CAN_ConfigFilter)
    HAL_CAN_ErrorCallback                    0x08001855   Thumb Code     2  stm32f4xx_hal_can.o(i.HAL_CAN_ErrorCallback)
    HAL_CAN_GetRxMessage                     0x08001857   Thumb Code   232  stm32f4xx_hal_can.o(i.HAL_CAN_GetRxMessage)
    HAL_CAN_IRQHandler                       0x0800193f   Thumb Code   508  stm32f4xx_hal_can.o(i.HAL_CAN_IRQHandler)
    HAL_CAN_Init                             0x08001b3b   Thumb Code   282  stm32f4xx_hal_can.o(i.HAL_CAN_Init)
    HAL_CAN_MspInit                          0x08001c55   Thumb Code   158  can.o(i.HAL_CAN_MspInit)
    HAL_CAN_RxFifo0FullCallback              0x08001d01   Thumb Code     2  stm32f4xx_hal_can.o(i.HAL_CAN_RxFifo0FullCallback)
    HAL_CAN_RxFifo0MsgPendingCallback        0x08001d05   Thumb Code    10  can.o(i.HAL_CAN_RxFifo0MsgPendingCallback)
    HAL_CAN_RxFifo1FullCallback              0x08001d19   Thumb Code     2  stm32f4xx_hal_can.o(i.HAL_CAN_RxFifo1FullCallback)
    HAL_CAN_RxFifo1MsgPendingCallback        0x08001d1b   Thumb Code     2  stm32f4xx_hal_can.o(i.HAL_CAN_RxFifo1MsgPendingCallback)
    HAL_CAN_SleepCallback                    0x08001d1d   Thumb Code     2  stm32f4xx_hal_can.o(i.HAL_CAN_SleepCallback)
    HAL_CAN_Start                            0x08001d21   Thumb Code    88  stm32f4xx_hal_can.o(i.HAL_CAN_Start)
    HAL_CAN_TxMailbox0AbortCallback          0x08001d79   Thumb Code     2  stm32f4xx_hal_can.o(i.HAL_CAN_TxMailbox0AbortCallback)
    HAL_CAN_TxMailbox0CompleteCallback       0x08001d7b   Thumb Code     2  stm32f4xx_hal_can.o(i.HAL_CAN_TxMailbox0CompleteCallback)
    HAL_CAN_TxMailbox1AbortCallback          0x08001d7d   Thumb Code     2  stm32f4xx_hal_can.o(i.HAL_CAN_TxMailbox1AbortCallback)
    HAL_CAN_TxMailbox1CompleteCallback       0x08001d7f   Thumb Code     2  stm32f4xx_hal_can.o(i.HAL_CAN_TxMailbox1CompleteCallback)
    HAL_CAN_TxMailbox2AbortCallback          0x08001d81   Thumb Code     2  stm32f4xx_hal_can.o(i.HAL_CAN_TxMailbox2AbortCallback)
    HAL_CAN_TxMailbox2CompleteCallback       0x08001d83   Thumb Code     2  stm32f4xx_hal_can.o(i.HAL_CAN_TxMailbox2CompleteCallback)
    HAL_CAN_WakeUpFromRxMsgCallback          0x08001d85   Thumb Code     2  stm32f4xx_hal_can.o(i.HAL_CAN_WakeUpFromRxMsgCallback)
    HAL_Delay                                0x08001d89   Thumb Code    32  stm32f4xx_hal.o(i.HAL_Delay)
    HAL_GPIO_Init                            0x08001dad   Thumb Code   378  stm32f4xx_hal_gpio.o(i.HAL_GPIO_Init)
    HAL_GPIO_TogglePin                       0x08001f51   Thumb Code    14  stm32f4xx_hal_gpio.o(i.HAL_GPIO_TogglePin)
    HAL_GPIO_WritePin                        0x08001f5f   Thumb Code    10  stm32f4xx_hal_gpio.o(i.HAL_GPIO_WritePin)
    HAL_GetTick                              0x08001f69   Thumb Code     6  stm32f4xx_hal.o(i.HAL_GetTick)
    HAL_I2C_Init                             0x08001f75   Thumb Code   356  stm32f4xx_hal_i2c.o(i.HAL_I2C_Init)
    HAL_I2C_IsDeviceReady                    0x080020e9   Thumb Code   336  stm32f4xx_hal_i2c.o(i.HAL_I2C_IsDeviceReady)
    HAL_I2C_Master_Receive                   0x08002241   Thumb Code   468  stm32f4xx_hal_i2c.o(i.HAL_I2C_Master_Receive)
    HAL_I2C_Master_Transmit                  0x08002421   Thumb Code   290  stm32f4xx_hal_i2c.o(i.HAL_I2C_Master_Transmit)
    HAL_I2C_MspInit                          0x0800254d   Thumb Code    92  i2c.o(i.HAL_I2C_MspInit)
    HAL_IncTick                              0x080025b5   Thumb Code    12  stm32f4xx_hal.o(i.HAL_IncTick)
    HAL_Init                                 0x080025c5   Thumb Code    48  stm32f4xx_hal.o(i.HAL_Init)
    HAL_InitTick                             0x080025f9   Thumb Code    54  stm32f4xx_hal.o(i.HAL_InitTick)
    HAL_MspInit                              0x08002639   Thumb Code    42  stm32f4xx_hal_msp.o(i.HAL_MspInit)
    HAL_NVIC_EnableIRQ                       0x08002669   Thumb Code    26  stm32f4xx_hal_cortex.o(i.HAL_NVIC_EnableIRQ)
    HAL_NVIC_SetPriority                     0x08002685   Thumb Code    60  stm32f4xx_hal_cortex.o(i.HAL_NVIC_SetPriority)
    HAL_NVIC_SetPriorityGrouping             0x080026c5   Thumb Code    26  stm32f4xx_hal_cortex.o(i.HAL_NVIC_SetPriorityGrouping)
    HAL_RCC_ClockConfig                      0x080026e9   Thumb Code   286  stm32f4xx_hal_rcc.o(i.HAL_RCC_ClockConfig)
    HAL_RCC_GetPCLK1Freq                     0x08002819   Thumb Code    20  stm32f4xx_hal_rcc.o(i.HAL_RCC_GetPCLK1Freq)
    HAL_RCC_GetSysClockFreq                  0x08002839   Thumb Code    88  stm32f4xx_hal_rcc.o(i.HAL_RCC_GetSysClockFreq)
    HAL_RCC_OscConfig                        0x08002899   Thumb Code   778  stm32f4xx_hal_rcc_ex.o(i.HAL_RCC_OscConfig)
    HAL_SYSTICK_Config                       0x08002bbd   Thumb Code    40  stm32f4xx_hal_cortex.o(i.HAL_SYSTICK_Config)
    HAL_TIMEx_BreakCallback                  0x08002be5   Thumb Code     2  stm32f4xx_hal_tim_ex.o(i.HAL_TIMEx_BreakCallback)
    HAL_TIMEx_CommutCallback                 0x08002be7   Thumb Code     2  stm32f4xx_hal_tim_ex.o(i.HAL_TIMEx_CommutCallback)
    HAL_TIMEx_MasterConfigSynchronization    0x08002be9   Thumb Code    66  stm32f4xx_hal_tim_ex.o(i.HAL_TIMEx_MasterConfigSynchronization)
    HAL_TIM_Base_Init                        0x08002c2b   Thumb Code    54  stm32f4xx_hal_tim.o(i.HAL_TIM_Base_Init)
    HAL_TIM_Base_MspInit                     0x08002c61   Thumb Code    50  tim.o(i.HAL_TIM_Base_MspInit)
    HAL_TIM_Base_Start_IT                    0x08002c9d   Thumb Code    34  stm32f4xx_hal_tim.o(i.HAL_TIM_Base_Start_IT)
    HAL_TIM_IC_CaptureCallback               0x08002cbf   Thumb Code     2  stm32f4xx_hal_tim.o(i.HAL_TIM_IC_CaptureCallback)
    HAL_TIM_IRQHandler                       0x08002cc1   Thumb Code   358  stm32f4xx_hal_tim.o(i.HAL_TIM_IRQHandler)
    HAL_TIM_OC_DelayElapsedCallback          0x08002e27   Thumb Code     2  stm32f4xx_hal_tim.o(i.HAL_TIM_OC_DelayElapsedCallback)
    HAL_TIM_PWM_PulseFinishedCallback        0x08002e29   Thumb Code     2  stm32f4xx_hal_tim.o(i.HAL_TIM_PWM_PulseFinishedCallback)
    HAL_TIM_PeriodElapsedCallback            0x08002e2d   Thumb Code    16  main.o(i.HAL_TIM_PeriodElapsedCallback)
    HAL_TIM_TriggerCallback                  0x08002e45   Thumb Code     2  stm32f4xx_hal_tim.o(i.HAL_TIM_TriggerCallback)
    HardFault_Handler                        0x08002e47   Thumb Code     2  stm32f4xx_it.o(i.HardFault_Handler)
    LED_blink                                0x080031d1   Thumb Code   132  main.o(i.LED_blink)
    MX_CAN1_Init                             0x0800325d   Thumb Code    56  can.o(i.MX_CAN1_Init)
    MX_GPIO_Init                             0x0800329d   Thumb Code   160  gpio.o(i.MX_GPIO_Init)
    MX_I2C1_Init                             0x08003349   Thumb Code    50  i2c.o(i.MX_I2C1_Init)
    MX_TIM6_Init                             0x08003389   Thumb Code    60  tim.o(i.MX_TIM6_Init)
    MemManage_Handler                        0x080033cd   Thumb Code     2  stm32f4xx_it.o(i.MemManage_Handler)
    NMI_Handler                              0x080033cf   Thumb Code     2  stm32f4xx_it.o(i.NMI_Handler)
    PendSV_Handler                           0x080033d1   Thumb Code     2  stm32f4xx_it.o(i.PendSV_Handler)
    SVC_Handler                              0x080033d3   Thumb Code     2  stm32f4xx_it.o(i.SVC_Handler)
    SysTick_Handler                          0x080033d5   Thumb Code     4  stm32f4xx_it.o(i.SysTick_Handler)
    SystemClock_Config                       0x080033d9   Thumb Code   120  main.o(i.SystemClock_Config)
    SystemInit                               0x08003459   Thumb Code    66  system_stm32f4xx.o(i.SystemInit)
    TIM6_DAC_IRQHandler                      0x080034ad   Thumb Code     6  stm32f4xx_it.o(i.TIM6_DAC_IRQHandler)
    TIM_Base_SetConfig                       0x080034b9   Thumb Code   156  stm32f4xx_hal_tim.o(i.TIM_Base_SetConfig)
    UsageFault_Handler                       0x08003581   Thumb Code     2  stm32f4xx_it.o(i.UsageFault_Handler)
    __ARM_fpclassify                         0x08003583   Thumb Code    48  fpclassify.o(i.__ARM_fpclassify)
    __hardfp_asin                            0x080035d9   Thumb Code   770  asin.o(i.__hardfp_asin)
    __hardfp_atan                            0x08003939   Thumb Code   622  atan.o(i.__hardfp_atan)
    __hardfp_atan2                           0x08003c11   Thumb Code   432  atan2.o(i.__hardfp_atan2)
    __hardfp_pow                             0x08003e01   Thumb Code  3072  pow.o(i.__hardfp_pow)
    __kernel_poly                            0x08004a51   Thumb Code   248  poly.o(i.__kernel_poly)
    __mathlib_dbl_divzero                    0x08004b49   Thumb Code    28  dunder.o(i.__mathlib_dbl_divzero)
    __mathlib_dbl_infnan                     0x08004b79   Thumb Code    20  dunder.o(i.__mathlib_dbl_infnan)
    __mathlib_dbl_infnan2                    0x08004b8d   Thumb Code    20  dunder.o(i.__mathlib_dbl_infnan2)
    __mathlib_dbl_invalid                    0x08004ba1   Thumb Code    24  dunder.o(i.__mathlib_dbl_invalid)
    __mathlib_dbl_overflow                   0x08004bc1   Thumb Code    24  dunder.o(i.__mathlib_dbl_overflow)
    __mathlib_dbl_underflow                  0x08004be1   Thumb Code    24  dunder.o(i.__mathlib_dbl_underflow)
    __scatterload_copy                       0x08004c01   Thumb Code    14  handlers.o(i.__scatterload_copy)
    __scatterload_null                       0x08004c0f   Thumb Code     2  handlers.o(i.__scatterload_null)
    __scatterload_zeroinit                   0x08004c11   Thumb Code    14  handlers.o(i.__scatterload_zeroinit)
    __set_errno                              0x08004c21   Thumb Code     6  errno.o(i.__set_errno)
    atan                                     0x08004c2d   Thumb Code    16  atan.o(i.atan)
    canSendIMUPacket                         0x08004c65   Thumb Code   186  can.o(i.canSendIMUPacket)
    canStart                                 0x08004d29   Thumb Code    40  can.o(i.canStart)
    fabs                                     0x08004d55   Thumb Code    24  fabs.o(i.fabs)
    floatToQ                                 0x08004d6d   Thumb Code    54  bno085.o(i.floatToQ)
    main                                     0x08004dad   Thumb Code   450  main.o(i.main)
    qToFloat                                 0x08004f99   Thumb Code    70  bno085.o(i.qToFloat)
    quaternionToEuler                        0x08004fe9   Thumb Code   468  bno085.o(i.quaternionToEuler)
    radToDeg                                 0x080051e1   Thumb Code    18  bno085.o(i.radToDeg)
    sqrt                                     0x080051fd   Thumb Code   110  sqrt.o(i.sqrt)
    AHBPrescTable                            0x0800526a   Data          16  system_stm32f4xx.o(.constdata)
    APBPrescTable                            0x0800527a   Data           8  system_stm32f4xx.o(.constdata)
    __mathlib_zero                           0x080053f8   Data           8  qnan.o(.constdata)
    Region$$Table$$Base                      0x08005400   Number         0  anon$$obj.o(Region$$Table)
    Region$$Table$$Limit                     0x08005420   Number         0  anon$$obj.o(Region$$Table)
    sendCommand                              0x20000000   Data           1  main.o(.data)
    readResult                               0x20000001   Data           1  main.o(.data)
    dataPacket                               0x20000002   Data           8  can.o(.data)
    canReceivedMessageData0                  0x2000000a   Data           8  can.o(.data)
    uwTickFreq                               0x20000014   Data           1  stm32f4xx_hal.o(.data)
    uwTickPrio                               0x20000018   Data           4  stm32f4xx_hal.o(.data)
    uwTick                                   0x2000001c   Data           4  stm32f4xx_hal.o(.data)
    SystemCoreClock                          0x20000020   Data           4  system_stm32f4xx.o(.data)
    myIMU                                    0x20000028   Data        1180  main.o(.bss)
    canFilterConfigHeader                    0x200004c4   Data          40  can.o(.bss)
    canReceivedMessageHeader0                0x200004ec   Data          28  can.o(.bss)
    header                                   0x20000508   Data          24  can.o(.bss)
    hcan1                                    0x20000520   Data          40  can.o(.bss)
    hi2c1                                    0x20000548   Data          84  i2c.o(.bss)
    htim6                                    0x2000059c   Data          64  tim.o(.bss)
    __initial_sp                             0x200019e0   Data           0  startup_stm32f413xx.o(STACK)



==============================================================================

Memory Map of the image

  Image Entry point : 0x080001d9

  Load Region LR_IROM1 (Base: 0x08000000, Size: 0x00005448, Max: 0x00180000, ABSOLUTE)

    Execution Region ER_IROM1 (Exec base: 0x08000000, Load base: 0x08000000, Size: 0x00005420, Max: 0x00180000, ABSOLUTE)

    Exec Addr    Load Addr    Size         Type   Attr      Idx    E Section Name        Object

    0x08000000   0x08000000   0x000001d8   Data   RO            3    RESET               startup_stm32f413xx.o
    0x080001d8   0x080001d8   0x00000000   Code   RO         3771  * .ARM.Collect$$$$00000000  mc_w.l(entry.o)
    0x080001d8   0x080001d8   0x00000004   Code   RO         3845    .ARM.Collect$$$$00000001  mc_w.l(entry2.o)
    0x080001dc   0x080001dc   0x00000004   Code   RO         3848    .ARM.Collect$$$$00000004  mc_w.l(entry5.o)
    0x080001e0   0x080001e0   0x00000000   Code   RO         3850    .ARM.Collect$$$$00000008  mc_w.l(entry7b.o)
    0x080001e0   0x080001e0   0x00000000   Code   RO         3852    .ARM.Collect$$$$0000000A  mc_w.l(entry8b.o)
    0x080001e0   0x080001e0   0x00000008   Code   RO         3853    .ARM.Collect$$$$0000000B  mc_w.l(entry9a.o)
    0x080001e8   0x080001e8   0x00000000   Code   RO         3855    .ARM.Collect$$$$0000000D  mc_w.l(entry10a.o)
    0x080001e8   0x080001e8   0x00000000   Code   RO         3857    .ARM.Collect$$$$0000000F  mc_w.l(entry11a.o)
    0x080001e8   0x080001e8   0x00000004   Code   RO         3846    .ARM.Collect$$$$00002712  mc_w.l(entry2.o)
    0x080001ec   0x080001ec   0x00000024   Code   RO            4    .text               startup_stm32f413xx.o
    0x08000210   0x08000210   0x00000062   Code   RO         3774    .text               mc_w.l(uldiv.o)
    0x08000272   0x08000272   0x00000024   Code   RO         3776    .text               mc_w.l(memcpya.o)
    0x08000296   0x08000296   0x00000024   Code   RO         3778    .text               mc_w.l(memseta.o)
    0x080002ba   0x080002ba   0x000000e4   Code   RO         3782    .text               mf_w.l(dmul.o)
    0x0800039e   0x0800039e   0x00000022   Code   RO         3784    .text               mf_w.l(dflti.o)
    0x080003c0   0x080003c0   0x0000001a   Code   RO         3786    .text               mf_w.l(dfltui.o)
    0x080003da   0x080003da   0x0000003e   Code   RO         3788    .text               mf_w.l(dfixi.o)
    0x08000418   0x08000418   0x00000026   Code   RO         3790    .text               mf_w.l(f2d.o)
    0x0800043e   0x0800043e   0x00000038   Code   RO         3792    .text               mf_w.l(d2f.o)
    0x08000476   0x08000476   0x0000001e   Code   RO         3859    .text               mc_w.l(llshl.o)
    0x08000494   0x08000494   0x00000020   Code   RO         3861    .text               mc_w.l(llushr.o)
    0x080004b4   0x080004b4   0x00000000   Code   RO         3870    .text               mc_w.l(iusefp.o)
    0x080004b4   0x080004b4   0x0000006e   Code   RO         3871    .text               mf_w.l(fepilogue.o)
    0x08000522   0x08000522   0x000000ba   Code   RO         3873    .text               mf_w.l(depilogue.o)
    0x080005dc   0x080005dc   0x0000014e   Code   RO         3875    .text               mf_w.l(dadd.o)
    0x0800072a   0x0800072a   0x000000de   Code   RO         3877    .text               mf_w.l(ddiv.o)
    0x08000808   0x08000808   0x0000002e   Code   RO         3881    .text               mf_w.l(dscalb.o)
    0x08000836   0x08000836   0x00000002   PAD
    0x08000838   0x08000838   0x00000030   Code   RO         3883    .text               mf_w.l(cdrcmple.o)
    0x08000868   0x08000868   0x00000024   Code   RO         3885    .text               mc_w.l(init.o)
    0x0800088c   0x0800088c   0x00000024   Code   RO         3887    .text               mc_w.l(llsshr.o)
    0x080008b0   0x080008b0   0x000000a2   Code   RO         3889    .text               mf_w.l(dsqrt.o)
    0x08000952   0x08000952   0x00000062   Code   RO           15    i.BNO085_Command_ConfigureCalibration  bno085.o
    0x080009b4   0x080009b4   0x00000010   Code   RO           17    i.BNO085_Command_DisableFullCalibration  bno085.o
    0x080009c4   0x080009c4   0x00000010   Code   RO           19    i.BNO085_Command_EnableFullCalibration  bno085.o
    0x080009d4   0x080009d4   0x0000005e   Code   RO           22    i.BNO085_Command_GetOscType  bno085.o
    0x08000a32   0x08000a32   0x00000060   Code   RO           23    i.BNO085_Command_Initialize  bno085.o
    0x08000a92   0x08000a92   0x00000060   Code   RO           24    i.BNO085_Command_PersistTare  bno085.o
    0x08000af2   0x08000af2   0x0000005e   Code   RO           26    i.BNO085_Command_SaveDCD  bno085.o
    0x08000b50   0x08000b50   0x000000ba   Code   RO           27    i.BNO085_Command_SetReorientation  bno085.o
    0x08000c0a   0x08000c0a   0x00000060   Code   RO           28    i.BNO085_Command_TareNow  bno085.o
    0x08000c6a   0x08000c6a   0x00000082   Code   RO           29    i.BNO085_CreateIMU  bno085.o
    0x08000cec   0x08000cec   0x00000020   Code   RO           30    i.BNO085_DataAvailable  bno085.o
    0x08000d0c   0x08000d0c   0x0000000a   Code   RO           31    i.BNO085_EnableAbsoluteRotationVector  bno085.o
    0x08000d16   0x08000d16   0x0000000a   Code   RO           32    i.BNO085_EnableAccelerometer  bno085.o
    0x08000d20   0x08000d20   0x0000000a   Code   RO           33    i.BNO085_EnableGeoRotation  bno085.o
    0x08000d2a   0x08000d2a   0x0000000a   Code   RO           34    i.BNO085_EnableGravity  bno085.o
    0x08000d34   0x08000d34   0x0000000a   Code   RO           35    i.BNO085_EnableGyroscope  bno085.o
    0x08000d3e   0x08000d3e   0x0000000a   Code   RO           36    i.BNO085_EnableLinearAcc  bno085.o
    0x08000d48   0x08000d48   0x0000000a   Code   RO           37    i.BNO085_EnableMagnetometer  bno085.o
    0x08000d52   0x08000d52   0x0000000a   Code   RO           38    i.BNO085_EnableRawAccelerometer  bno085.o
    0x08000d5c   0x08000d5c   0x0000000a   Code   RO           39    i.BNO085_EnableRawGyroscope  bno085.o
    0x08000d66   0x08000d66   0x0000000a   Code   RO           40    i.BNO085_EnableRawMagnetometer  bno085.o
    0x08000d70   0x08000d70   0x0000000a   Code   RO           41    i.BNO085_EnableRelativeRotationVector  bno085.o
    0x08000d7a   0x08000d7a   0x00000034   Code   RO           42    i.BNO085_FRS_GetReadResponse  bno085.o
    0x08000dae   0x08000dae   0x000000d4   Code   RO           45    i.BNO085_FRS_ReadRequest  bno085.o
    0x08000e82   0x08000e82   0x0000000c   Code   RO           46    i.BNO085_FRS_RequestOrientation  bno085.o
    0x08000e8e   0x08000e8e   0x00000018   Code   RO           48    i.BNO085_FlushI2C   bno085.o
    0x08000ea6   0x08000ea6   0x000000aa   Code   RO           49    i.BNO085_GetAbsoluteOrientation  bno085.o
    0x08000f50   0x08000f50   0x0000005c   Code   RO           50    i.BNO085_GetAcceleration  bno085.o
    0x08000fac   0x08000fac   0x0000005c   Code   RO           51    i.BNO085_GetAngularRate  bno085.o
    0x08001008   0x08001008   0x0000001a   Code   RO           52    i.BNO085_GetCommandResponse  bno085.o
    0x08001022   0x08001022   0x000000aa   Code   RO           53    i.BNO085_GetGeoOrientation  bno085.o
    0x080010cc   0x080010cc   0x0000005c   Code   RO           54    i.BNO085_GetGravity  bno085.o
    0x08001128   0x08001128   0x0000005c   Code   RO           55    i.BNO085_GetLinearAcceleration  bno085.o
    0x08001184   0x08001184   0x0000005c   Code   RO           56    i.BNO085_GetMagnetometer  bno085.o
    0x080011e0   0x080011e0   0x00000016   Code   RO           57    i.BNO085_GetProductID  bno085.o
    0x080011f6   0x080011f6   0x0000002e   Code   RO           58    i.BNO085_GetRawAccelerometer  bno085.o
    0x08001224   0x08001224   0x0000002e   Code   RO           59    i.BNO085_GetRawGyroscope  bno085.o
    0x08001252   0x08001252   0x0000002e   Code   RO           60    i.BNO085_GetRawMagnetometer  bno085.o
    0x08001280   0x08001280   0x00000086   Code   RO           61    i.BNO085_GetRelativeOrientation  bno085.o
    0x08001306   0x08001306   0x0000004c   Code   RO           62    i.BNO085_HardReset  bno085.o
    0x08001352   0x08001352   0x0000000e   Code   RO           63    i.BNO085_IsAlive    bno085.o
    0x08001360   0x08001360   0x00000022   Code   RO           65    i.BNO085_ReceiveData  bno085.o
    0x08001382   0x08001382   0x0000009e   Code   RO           66    i.BNO085_SetFeatureCommand  bno085.o
    0x08001420   0x08001420   0x00000066   Code   RO           67    i.BNO085_SoftReset  bno085.o
    0x08001486   0x08001486   0x00000002   PAD
    0x08001488   0x08001488   0x00000146   Code   RO           68    i.BNO085_UpdateSensorReading  bno085.o
    0x080015ce   0x080015ce   0x00000002   Code   RO          757    i.BusFault_Handler  stm32f4xx_it.o
    0x080015d0   0x080015d0   0x0000000c   Code   RO          758    i.CAN1_RX0_IRQHandler  stm32f4xx_it.o
    0x080015dc   0x080015dc   0x0000000c   Code   RO          759    i.CAN1_RX1_IRQHandler  stm32f4xx_it.o
    0x080015e8   0x080015e8   0x0000000c   Code   RO          760    i.CAN1_SCE_IRQHandler  stm32f4xx_it.o
    0x080015f4   0x080015f4   0x0000000c   Code   RO          761    i.CAN1_TX_IRQHandler  stm32f4xx_it.o
    0x08001600   0x08001600   0x00000044   Code   RO          591    i.CAN_send          can.o
    0x08001644   0x08001644   0x00000002   Code   RO          762    i.DebugMon_Handler  stm32f4xx_it.o
    0x08001646   0x08001646   0x00000002   Code   RO          501    i.Error_Handler     main.o
    0x08001648   0x08001648   0x00000024   Code   RO          888    i.HAL_CAN_ActivateNotification  stm32f4xx_hal_can.o
    0x0800166c   0x0800166c   0x000000c8   Code   RO          889    i.HAL_CAN_AddTxMessage  stm32f4xx_hal_can.o
    0x08001734   0x08001734   0x00000120   Code   RO          890    i.HAL_CAN_ConfigFilter  stm32f4xx_hal_can.o
    0x08001854   0x08001854   0x00000002   Code   RO          893    i.HAL_CAN_ErrorCallback  stm32f4xx_hal_can.o
    0x08001856   0x08001856   0x000000e8   Code   RO          896    i.HAL_CAN_GetRxMessage  stm32f4xx_hal_can.o
    0x0800193e   0x0800193e   0x000001fc   Code   RO          900    i.HAL_CAN_IRQHandler  stm32f4xx_hal_can.o
    0x08001b3a   0x08001b3a   0x0000011a   Code   RO          901    i.HAL_CAN_Init      stm32f4xx_hal_can.o
    0x08001c54   0x08001c54   0x000000ac   Code   RO          594    i.HAL_CAN_MspInit   can.o
    0x08001d00   0x08001d00   0x00000002   Code   RO          908    i.HAL_CAN_RxFifo0FullCallback  stm32f4xx_hal_can.o
    0x08001d02   0x08001d02   0x00000002   PAD
    0x08001d04   0x08001d04   0x00000014   Code   RO          595    i.HAL_CAN_RxFifo0MsgPendingCallback  can.o
    0x08001d18   0x08001d18   0x00000002   Code   RO          910    i.HAL_CAN_RxFifo1FullCallback  stm32f4xx_hal_can.o
    0x08001d1a   0x08001d1a   0x00000002   Code   RO          911    i.HAL_CAN_RxFifo1MsgPendingCallback  stm32f4xx_hal_can.o
    0x08001d1c   0x08001d1c   0x00000002   Code   RO          912    i.HAL_CAN_SleepCallback  stm32f4xx_hal_can.o
    0x08001d1e   0x08001d1e   0x00000002   PAD
    0x08001d20   0x08001d20   0x00000058   Code   RO          913    i.HAL_CAN_Start     stm32f4xx_hal_can.o
    0x08001d78   0x08001d78   0x00000002   Code   RO          915    i.HAL_CAN_TxMailbox0AbortCallback  stm32f4xx_hal_can.o
    0x08001d7a   0x08001d7a   0x00000002   Code   RO          916    i.HAL_CAN_TxMailbox0CompleteCallback  stm32f4xx_hal_can.o
    0x08001d7c   0x08001d7c   0x00000002   Code   RO          917    i.HAL_CAN_TxMailbox1AbortCallback  stm32f4xx_hal_can.o
    0x08001d7e   0x08001d7e   0x00000002   Code   RO          918    i.HAL_CAN_TxMailbox1CompleteCallback  stm32f4xx_hal_can.o
    0x08001d80   0x08001d80   0x00000002   Code   RO          919    i.HAL_CAN_TxMailbox2AbortCallback  stm32f4xx_hal_can.o
    0x08001d82   0x08001d82   0x00000002   Code   RO          920    i.HAL_CAN_TxMailbox2CompleteCallback  stm32f4xx_hal_can.o
    0x08001d84   0x08001d84   0x00000002   Code   RO          922    i.HAL_CAN_WakeUpFromRxMsgCallback  stm32f4xx_hal_can.o
    0x08001d86   0x08001d86   0x00000002   PAD
    0x08001d88   0x08001d88   0x00000024   Code   RO         3448    i.HAL_Delay         stm32f4xx_hal.o
    0x08001dac   0x08001dac   0x000001a4   Code   RO         2898    i.HAL_GPIO_Init     stm32f4xx_hal_gpio.o
    0x08001f50   0x08001f50   0x0000000e   Code   RO         2901    i.HAL_GPIO_TogglePin  stm32f4xx_hal_gpio.o
    0x08001f5e   0x08001f5e   0x0000000a   Code   RO         2902    i.HAL_GPIO_WritePin  stm32f4xx_hal_gpio.o
    0x08001f68   0x08001f68   0x0000000c   Code   RO         3454    i.HAL_GetTick       stm32f4xx_hal.o
    0x08001f74   0x08001f74   0x00000174   Code   RO         1132    i.HAL_I2C_Init      stm32f4xx_hal_i2c.o
    0x080020e8   0x080020e8   0x00000158   Code   RO         1133    i.HAL_I2C_IsDeviceReady  stm32f4xx_hal_i2c.o
    0x08002240   0x08002240   0x000001e0   Code   RO         1138    i.HAL_I2C_Master_Receive  stm32f4xx_hal_i2c.o
    0x08002420   0x08002420   0x0000012c   Code   RO         1145    i.HAL_I2C_Master_Transmit  stm32f4xx_hal_i2c.o
    0x0800254c   0x0800254c   0x00000068   Code   RO          674    i.HAL_I2C_MspInit   i2c.o
    0x080025b4   0x080025b4   0x00000010   Code   RO         3460    i.HAL_IncTick       stm32f4xx_hal.o
    0x080025c4   0x080025c4   0x00000034   Code   RO         3461    i.HAL_Init          stm32f4xx_hal.o
    0x080025f8   0x080025f8   0x00000040   Code   RO         3462    i.HAL_InitTick      stm32f4xx_hal.o
    0x08002638   0x08002638   0x00000030   Code   RO          863    i.HAL_MspInit       stm32f4xx_hal_msp.o
    0x08002668   0x08002668   0x0000001a   Code   RO         3311    i.HAL_NVIC_EnableIRQ  stm32f4xx_hal_cortex.o
    0x08002682   0x08002682   0x00000002   PAD
    0x08002684   0x08002684   0x00000040   Code   RO         3317    i.HAL_NVIC_SetPriority  stm32f4xx_hal_cortex.o
    0x080026c4   0x080026c4   0x00000024   Code   RO         3318    i.HAL_NVIC_SetPriorityGrouping  stm32f4xx_hal_cortex.o
    0x080026e8   0x080026e8   0x00000130   Code   RO         2502    i.HAL_RCC_ClockConfig  stm32f4xx_hal_rcc.o
    0x08002818   0x08002818   0x00000020   Code   RO         2509    i.HAL_RCC_GetPCLK1Freq  stm32f4xx_hal_rcc.o
    0x08002838   0x08002838   0x00000060   Code   RO         2511    i.HAL_RCC_GetSysClockFreq  stm32f4xx_hal_rcc.o
    0x08002898   0x08002898   0x00000324   Code   RO         2611    i.HAL_RCC_OscConfig  stm32f4xx_hal_rcc_ex.o
    0x08002bbc   0x08002bbc   0x00000028   Code   RO         3322    i.HAL_SYSTICK_Config  stm32f4xx_hal_cortex.o
    0x08002be4   0x08002be4   0x00000002   Code   RO         2250    i.HAL_TIMEx_BreakCallback  stm32f4xx_hal_tim_ex.o
    0x08002be6   0x08002be6   0x00000002   Code   RO         2251    i.HAL_TIMEx_CommutCallback  stm32f4xx_hal_tim_ex.o
    0x08002be8   0x08002be8   0x00000042   Code   RO         2268    i.HAL_TIMEx_MasterConfigSynchronization  stm32f4xx_hal_tim_ex.o
    0x08002c2a   0x08002c2a   0x00000036   Code   RO         1575    i.HAL_TIM_Base_Init  stm32f4xx_hal_tim.o
    0x08002c60   0x08002c60   0x0000003c   Code   RO          716    i.HAL_TIM_Base_MspInit  tim.o
    0x08002c9c   0x08002c9c   0x00000022   Code   RO         1580    i.HAL_TIM_Base_Start_IT  stm32f4xx_hal_tim.o
    0x08002cbe   0x08002cbe   0x00000002   Code   RO         1604    i.HAL_TIM_IC_CaptureCallback  stm32f4xx_hal_tim.o
    0x08002cc0   0x08002cc0   0x00000166   Code   RO         1618    i.HAL_TIM_IRQHandler  stm32f4xx_hal_tim.o
    0x08002e26   0x08002e26   0x00000002   Code   RO         1621    i.HAL_TIM_OC_DelayElapsedCallback  stm32f4xx_hal_tim.o
    0x08002e28   0x08002e28   0x00000002   Code   RO         1648    i.HAL_TIM_PWM_PulseFinishedCallback  stm32f4xx_hal_tim.o
    0x08002e2a   0x08002e2a   0x00000002   PAD
    0x08002e2c   0x08002e2c   0x00000018   Code   RO          502    i.HAL_TIM_PeriodElapsedCallback  main.o
    0x08002e44   0x08002e44   0x00000002   Code   RO         1661    i.HAL_TIM_TriggerCallback  stm32f4xx_hal_tim.o
    0x08002e46   0x08002e46   0x00000002   Code   RO          763    i.HardFault_Handler  stm32f4xx_it.o
    0x08002e48   0x08002e48   0x0000002e   Code   RO         1174    i.I2C_IsAcknowledgeFailed  stm32f4xx_hal_i2c.o
    0x08002e76   0x08002e76   0x000000d4   Code   RO         1177    i.I2C_MasterRequestRead  stm32f4xx_hal_i2c.o
    0x08002f4a   0x08002f4a   0x00000002   PAD
    0x08002f4c   0x08002f4c   0x00000088   Code   RO         1178    i.I2C_MasterRequestWrite  stm32f4xx_hal_i2c.o
    0x08002fd4   0x08002fd4   0x0000004c   Code   RO         1187    i.I2C_WaitOnBTFFlagUntilTimeout  stm32f4xx_hal_i2c.o
    0x08003020   0x08003020   0x00000068   Code   RO         1188    i.I2C_WaitOnFlagUntilTimeout  stm32f4xx_hal_i2c.o
    0x08003088   0x08003088   0x00000096   Code   RO         1189    i.I2C_WaitOnMasterAddressFlagUntilTimeout  stm32f4xx_hal_i2c.o
    0x0800311e   0x0800311e   0x00000066   Code   RO         1190    i.I2C_WaitOnRXNEFlagUntilTimeout  stm32f4xx_hal_i2c.o
    0x08003184   0x08003184   0x0000004c   Code   RO         1191    i.I2C_WaitOnTXEFlagUntilTimeout  stm32f4xx_hal_i2c.o
    0x080031d0   0x080031d0   0x0000008c   Code   RO          503    i.LED_blink         main.o
    0x0800325c   0x0800325c   0x00000040   Code   RO          596    i.MX_CAN1_Init      can.o
    0x0800329c   0x0800329c   0x000000ac   Code   RO          567    i.MX_GPIO_Init      gpio.o
    0x08003348   0x08003348   0x00000040   Code   RO          675    i.MX_I2C1_Init      i2c.o
    0x08003388   0x08003388   0x00000044   Code   RO          717    i.MX_TIM6_Init      tim.o
    0x080033cc   0x080033cc   0x00000002   Code   RO          764    i.MemManage_Handler  stm32f4xx_it.o
    0x080033ce   0x080033ce   0x00000002   Code   RO          765    i.NMI_Handler       stm32f4xx_it.o
    0x080033d0   0x080033d0   0x00000002   Code   RO          766    i.PendSV_Handler    stm32f4xx_it.o
    0x080033d2   0x080033d2   0x00000002   Code   RO          767    i.SVC_Handler       stm32f4xx_it.o
    0x080033d4   0x080033d4   0x00000004   Code   RO          768    i.SysTick_Handler   stm32f4xx_it.o
    0x080033d8   0x080033d8   0x00000080   Code   RO          504    i.SystemClock_Config  main.o
    0x08003458   0x08003458   0x00000054   Code   RO         3697    i.SystemInit        system_stm32f4xx.o
    0x080034ac   0x080034ac   0x0000000c   Code   RO          769    i.TIM6_DAC_IRQHandler  stm32f4xx_it.o
    0x080034b8   0x080034b8   0x000000c8   Code   RO         1663    i.TIM_Base_SetConfig  stm32f4xx_hal_tim.o
    0x08003580   0x08003580   0x00000002   Code   RO          770    i.UsageFault_Handler  stm32f4xx_it.o
    0x08003582   0x08003582   0x00000030   Code   RO         3828    i.__ARM_fpclassify  m_wm.l(fpclassify.o)
    0x080035b2   0x080035b2   0x00000020   Code   RO         3324    i.__NVIC_SetPriority  stm32f4xx_hal_cortex.o
    0x080035d2   0x080035d2   0x00000006   PAD
    0x080035d8   0x080035d8   0x00000360   Code   RO         3731    i.__hardfp_asin     m_wm.l(asin.o)
    0x08003938   0x08003938   0x000002d8   Code   RO         3794    i.__hardfp_atan     m_wm.l(atan.o)
    0x08003c10   0x08003c10   0x000001f0   Code   RO         3745    i.__hardfp_atan2    m_wm.l(atan2.o)
    0x08003e00   0x08003e00   0x00000c50   Code   RO         3757    i.__hardfp_pow      m_wm.l(pow.o)
    0x08004a50   0x08004a50   0x000000f8   Code   RO         3830    i.__kernel_poly     m_wm.l(poly.o)
    0x08004b48   0x08004b48   0x00000030   Code   RO         3808    i.__mathlib_dbl_divzero  m_wm.l(dunder.o)
    0x08004b78   0x08004b78   0x00000014   Code   RO         3809    i.__mathlib_dbl_infnan  m_wm.l(dunder.o)
    0x08004b8c   0x08004b8c   0x00000014   Code   RO         3810    i.__mathlib_dbl_infnan2  m_wm.l(dunder.o)
    0x08004ba0   0x08004ba0   0x00000020   Code   RO         3811    i.__mathlib_dbl_invalid  m_wm.l(dunder.o)
    0x08004bc0   0x08004bc0   0x00000020   Code   RO         3812    i.__mathlib_dbl_overflow  m_wm.l(dunder.o)
    0x08004be0   0x08004be0   0x00000020   Code   RO         3814    i.__mathlib_dbl_underflow  m_wm.l(dunder.o)
    0x08004c00   0x08004c00   0x0000000e   Code   RO         3895    i.__scatterload_copy  mc_w.l(handlers.o)
    0x08004c0e   0x08004c0e   0x00000002   Code   RO         3896    i.__scatterload_null  mc_w.l(handlers.o)
    0x08004c10   0x08004c10   0x0000000e   Code   RO         3897    i.__scatterload_zeroinit  mc_w.l(handlers.o)
    0x08004c1e   0x08004c1e   0x00000002   PAD
    0x08004c20   0x08004c20   0x0000000c   Code   RO         3865    i.__set_errno       mc_w.l(errno.o)
    0x08004c2c   0x08004c2c   0x00000010   Code   RO         3796    i.atan              m_wm.l(atan.o)
    0x08004c3c   0x08004c3c   0x00000028   Code   RO          597    i.canFilterConfig   can.o
    0x08004c64   0x08004c64   0x000000c4   Code   RO          598    i.canSendIMUPacket  can.o
    0x08004d28   0x08004d28   0x0000002c   Code   RO          599    i.canStart          can.o
    0x08004d54   0x08004d54   0x00000018   Code   RO         3824    i.fabs              m_wm.l(fabs.o)
    0x08004d6c   0x08004d6c   0x00000040   Code   RO           69    i.floatToQ          bno085.o
    0x08004dac   0x08004dac   0x000001ec   Code   RO          505    i.main              main.o
    0x08004f98   0x08004f98   0x00000050   Code   RO           71    i.qToFloat          bno085.o
    0x08004fe8   0x08004fe8   0x000001f8   Code   RO           72    i.quaternionToEuler  bno085.o
    0x080051e0   0x080051e0   0x0000001c   Code   RO           73    i.radToDeg          bno085.o
    0x080051fc   0x080051fc   0x0000006e   Code   RO         3835    i.sqrt              m_wm.l(sqrt.o)
    0x0800526a   0x0800526a   0x00000010   Data   RO         3698    .constdata          system_stm32f4xx.o
    0x0800527a   0x0800527a   0x00000008   Data   RO         3699    .constdata          system_stm32f4xx.o
    0x08005282   0x08005282   0x00000006   PAD
    0x08005288   0x08005288   0x00000050   Data   RO         3734    .constdata          m_wm.l(asin.o)
    0x080052d8   0x080052d8   0x00000088   Data   RO         3760    .constdata          m_wm.l(pow.o)
    0x08005360   0x08005360   0x00000098   Data   RO         3797    .constdata          m_wm.l(atan.o)
    0x080053f8   0x080053f8   0x00000008   Data   RO         3832    .constdata          m_wm.l(qnan.o)
    0x08005400   0x08005400   0x00000020   Data   RO         3893    Region$$Table       anon$$obj.o


    Execution Region RW_IRAM1 (Exec base: 0x20000000, Load base: 0x08005420, Size: 0x000019e0, Max: 0x00050000, ABSOLUTE)

    Exec Addr    Load Addr    Size         Type   Attr      Idx    E Section Name        Object

    0x20000000   0x08005420   0x00000002   Data   RW          507    .data               main.o
    0x20000002   0x08005422   0x00000010   Data   RW          604    .data               can.o
    0x20000012   0x08005432   0x00000002   PAD
    0x20000014   0x08005434   0x0000000c   Data   RW         3468    .data               stm32f4xx_hal.o
    0x20000020   0x08005440   0x00000004   Data   RW         3700    .data               system_stm32f4xx.o
    0x20000024   0x08005444   0x00000004   Data   RW         3866    .data               mc_w.l(errno.o)
    0x20000028        -       0x0000049c   Zero   RW          506    .bss                main.o
    0x200004c4        -       0x00000084   Zero   RW          601    .bss                can.o
    0x20000548        -       0x00000054   Zero   RW          676    .bss                i2c.o
    0x2000059c        -       0x00000040   Zero   RW          718    .bss                tim.o
    0x200005dc   0x08005448   0x00000004   PAD
    0x200005e0        -       0x00001400   Zero   RW            1    STACK               startup_stm32f413xx.o


==============================================================================

Image component sizes


      Code (inc. data)   RO Data    RW Data    ZI Data      Debug   Object Name

      3870         72          0          0          0     744943   bno085.o
       604         58          0         16        132       4881   can.o
       172         12          0          0          0        927   gpio.o
       168         26          0          0         84       1613   i2c.o
       786         80          0          2       1180       3567   main.o
        36          8        472          0       5120        828   startup_stm32f413xx.o
       180         28          0         12          0       4517   stm32f4xx_hal.o
      1658         10          0          0          0      14127   stm32f4xx_hal_can.o
       198         14          0          0          0      33915   stm32f4xx_hal_cortex.o
       444         42          0          0          0       3001   stm32f4xx_hal_gpio.o
      2398         50          0          0          0      13538   stm32f4xx_hal_i2c.o
        48          6          0          0          0        814   stm32f4xx_hal_msp.o
       432         38          0          0          0       3065   stm32f4xx_hal_rcc.o
       804         26          0          0          0       1836   stm32f4xx_hal_rcc_ex.o
       654         44          0          0          0       6629   stm32f4xx_hal_tim.o
        70          0          0          0          0       2409   stm32f4xx_hal_tim_ex.o
        80         30          0          0          0       6279   stm32f4xx_it.o
        84         18         24          4          0       1135   system_stm32f4xx.o
       128         18          0          0         64       1530   tim.o

    ----------------------------------------------------------------------
     12834        580        534         36       6584     849554   Object Totals
         0          0         32          0          0          0   (incl. Generated)
        20          0          6          2          4          0   (incl. Padding)

    ----------------------------------------------------------------------

      Code (inc. data)   RO Data    RW Data    ZI Data      Debug   Library Member Name

       864         94         80          0          0        280   asin.o
       744        106        152          0          0        352   atan.o
       496         64          0          0          0        192   atan2.o
       184         44          0          0          0        744   dunder.o
        24          0          0          0          0        124   fabs.o
        48          0          0          0          0        124   fpclassify.o
       248          0          0          0          0        152   poly.o
      3152        296        136          0          0        352   pow.o
         0          0          8          0          0          0   qnan.o
       110          0          0          0          0        148   sqrt.o
         0          0          0          0          0          0   entry.o
         0          0          0          0          0          0   entry10a.o
         0          0          0          0          0          0   entry11a.o
         8          4          0          0          0          0   entry2.o
         4          0          0          0          0          0   entry5.o
         0          0          0          0          0          0   entry7b.o
         0          0          0          0          0          0   entry8b.o
         8          4          0          0          0          0   entry9a.o
        12          6          0          4          0         68   errno.o
        30          0          0          0          0          0   handlers.o
        36          8          0          0          0         68   init.o
         0          0          0          0          0          0   iusefp.o
        30          0          0          0          0         68   llshl.o
        36          0          0          0          0         68   llsshr.o
        32          0          0          0          0         68   llushr.o
        36          0          0          0          0         68   memcpya.o
        36          0          0          0          0        108   memseta.o
        98          0          0          0          0         92   uldiv.o
        48          0          0          0          0         68   cdrcmple.o
        56          0          0          0          0         88   d2f.o
       334          0          0          0          0        148   dadd.o
       222          0          0          0          0        100   ddiv.o
       186          0          0          0          0        176   depilogue.o
        62          0          0          0          0         80   dfixi.o
        34          0          0          0          0         76   dflti.o
        26          0          0          0          0         76   dfltui.o
       228          0          0          0          0         96   dmul.o
        46          0          0          0          0         80   dscalb.o
       162          0          0          0          0        100   dsqrt.o
        38          0          0          0          0         68   f2d.o
       110          0          0          0          0        168   fepilogue.o

    ----------------------------------------------------------------------
      7792        626        376          4          0       4400   Library Totals
         4          0          0          0          0          0   (incl. Padding)

    ----------------------------------------------------------------------

      Code (inc. data)   RO Data    RW Data    ZI Data      Debug   Library Name

      5870        604        376          0          0       2468   m_wm.l
       366         22          0          4          0        608   mc_w.l
      1552          0          0          0          0       1324   mf_w.l

    ----------------------------------------------------------------------
      7792        626        376          4          0       4400   Library Totals

    ----------------------------------------------------------------------

==============================================================================


      Code (inc. data)   RO Data    RW Data    ZI Data      Debug   

     20626       1206        910         40       6584     838322   Grand Totals
     20626       1206        910         40       6584     838322   ELF Image Totals
     20626       1206        910         40          0          0   ROM Totals

==============================================================================

    Total RO  Size (Code + RO Data)                21536 (  21.03kB)
    Total RW  Size (RW Data + ZI Data)              6624 (   6.47kB)
    Total ROM Size (Code + RO Data + RW Data)      21576 (  21.07kB)

==============================================================================

